2026-08-04 00:50:04,818 [INFO] LogOutputStream:77 - [STDOUT_REDIRECT] 
2026-08-04 00:50:05,428 [INFO] ProjectBuilder:5496 - Time for Generating toolchain IDE Files: 955mS.
2026-08-04 00:50:05,428 [INFO] ProjectBuilder:3463 - Time for Copy CMSIS : 0mS.
2026-08-04 00:50:05,433 [INFO] ProjectBuilder:3463 - Time for Copy CMSIS : 0mS.
2026-08-04 02:25:51,022 [ERROR] LogOutputStream:75 - [STDERR_REDIRECT] 
2026-08-04 13:29:10,973 [INFO] Activator:176 - 


2026-08-04 13:29:10,975 [INFO] Activator:177 - !SESSION log4j initialized
2026-08-04 13:29:16,826 [INFO] LogOutputStream:77 - [STDOUT_REDIRECT] 
2026-08-04 13:29:18,221 [INFO] ApplicationProperties:184 - Using Application install path: C:\ST\STM32CubeIDE_1.19.0\STM32CubeIDE\plugins\com.st.stm32cube.common.mx_6.15.0.202507011659
2026-08-04 13:29:18,244 [INFO] DbMcusXml:78 - Set database path to: C:\ST\STM32CubeIDE_1.19.0\STM32CubeIDE\plugins\com.st.stm32cube.common.mx_6.15.0.202507011659\\db\/mcu/
2026-08-04 13:29:18,244 [INFO] ApiDb:274 - Set plugin database path to: C:\ST\STM32CubeIDE_1.19.0\STM32CubeIDE\plugins\com.st.stm32cube.common.mx_6.15.0.202507011659\\db\/plugins/boardmanager/
2026-08-04 13:29:18,244 [WARN] ApiDb:259 - Overriding images path with different value:  => C:\ST\STM32CubeIDE_1.19.0\STM32CubeIDE\plugins\com.st.stm32cube.common.mx_6.15.0.202507011659\\db\/plugins/mcufinder/images/
2026-08-04 13:29:18,255 [INFO] ApiDb:250 - Set database path to: C:\Users\danny\.stmcufinder\plugins\mcufinder//mcu/
2026-08-04 13:29:18,257 [INFO] DbMcusAds:125 - Set database path to: C:\Users\danny\.stmcufinder\plugins\mcufinder//mcu/
2026-08-04 13:29:18,260 [INFO] CrossReferenceDbSqlite:203 - Set database path to: C:\Users\danny\.stmcufinder\plugins\mcufinder//mcu/cs/
2026-08-04 13:29:18,404 [INFO] RulesReader:64 - Compatibility file has been processed (317 Rules)
2026-08-04 13:29:18,563 [INFO] DbMcusXml:78 - Set database path to: C:\ST\STM32CubeIDE_1.19.0\STM32CubeIDE\plugins\com.st.stm32cube.common.mx_6.15.0.202507011659\\db\/mcu/
2026-08-04 13:29:18,564 [INFO] ApiDb:274 - Set plugin database path to: C:\ST\STM32CubeIDE_1.19.0\STM32CubeIDE\plugins\com.st.stm32cube.common.mx_6.15.0.202507011659\\db\/plugins/boardmanager/
2026-08-04 13:29:18,564 [INFO] ApiDb:261 - Set plugin images path to: C:\ST\STM32CubeIDE_1.19.0\STM32CubeIDE\plugins\com.st.stm32cube.common.mx_6.15.0.202507011659\\db\/plugins/mcufinder/images/
2026-08-04 13:29:18,564 [WARN] DbFile:41 - Overriding database path with different value: C:\Users\danny\.stmcufinder\plugins\mcufinder/ => C:\Users\danny\.stmcufinder\plugins\mcufinder
2026-08-04 13:29:18,564 [INFO] ApiDb:250 - Set database path to: C:\Users\danny\.stmcufinder\plugins\mcufinder//mcu/
2026-08-04 13:29:18,564 [WARN] DbFile:41 - Overriding database path with different value: C:\Users\danny\.stmcufinder\plugins\mcufinder/ => C:\Users\danny\.stmcufinder\plugins\mcufinder
2026-08-04 13:29:18,565 [INFO] DbMcusAds:125 - Set database path to: C:\Users\danny\.stmcufinder\plugins\mcufinder//mcu/
2026-08-04 13:29:18,565 [WARN] DbFile:41 - Overriding database path with different value: C:\Users\danny\.stmcufinder\plugins\mcufinder/ => C:\Users\danny\.stmcufinder\plugins\mcufinder
2026-08-04 13:29:18,565 [WARN] DbFile:41 - Overriding database path with different value: C:\Users\danny\.stmcufinder\plugins\mcufinder/ => C:\Users\danny\.stmcufinder\plugins\mcufinder
2026-08-04 13:29:18,565 [INFO] CrossReferenceDbSqlite:203 - Set database path to: C:\Users\danny\.stmcufinder\plugins\mcufinder//mcu/cs/
2026-08-04 13:29:18,684 [INFO] MainPanel:274 - HeapMemory: 268435456
2026-08-04 13:29:18,841 [INFO] DbMcusXml:78 - Set database path to: C:\ST\STM32CubeIDE_1.19.0\STM32CubeIDE\plugins\com.st.stm32cube.common.mx_6.15.0.202507011659\\db\/mcu/
2026-08-04 13:29:18,841 [INFO] ApiDb:274 - Set plugin database path to: C:\ST\STM32CubeIDE_1.19.0\STM32CubeIDE\plugins\com.st.stm32cube.common.mx_6.15.0.202507011659\\db\/plugins/boardmanager/
2026-08-04 13:29:18,843 [INFO] ApiDb:261 - Set plugin images path to: C:\ST\STM32CubeIDE_1.19.0\STM32CubeIDE\plugins\com.st.stm32cube.common.mx_6.15.0.202507011659\\db\/plugins/mcufinder/images/
2026-08-04 13:29:18,844 [WARN] DbFile:41 - Overriding database path with different value: C:\Users\danny\.stmcufinder\plugins\mcufinder/ => C:\Users\danny\.stmcufinder\plugins\mcufinder
2026-08-04 13:29:18,844 [INFO] ApiDb:250 - Set database path to: C:\Users\danny\.stmcufinder\plugins\mcufinder//mcu/
2026-08-04 13:29:18,844 [WARN] DbFile:41 - Overriding database path with different value: C:\Users\danny\.stmcufinder\plugins\mcufinder/ => C:\Users\danny\.stmcufinder\plugins\mcufinder
2026-08-04 13:29:18,844 [INFO] DbMcusAds:125 - Set database path to: C:\Users\danny\.stmcufinder\plugins\mcufinder//mcu/
2026-08-04 13:29:18,845 [WARN] DbFile:41 - Overriding database path with different value: C:\Users\danny\.stmcufinder\plugins\mcufinder/ => C:\Users\danny\.stmcufinder\plugins\mcufinder
2026-08-04 13:29:18,845 [WARN] DbFile:41 - Overriding database path with different value: C:\Users\danny\.stmcufinder\plugins\mcufinder/ => C:\Users\danny\.stmcufinder\plugins\mcufinder
2026-08-04 13:29:18,845 [INFO] CrossReferenceDbSqlite:203 - Set database path to: C:\Users\danny\.stmcufinder\plugins\mcufinder//mcu/cs/
2026-08-04 13:29:18,876 [INFO] ApplicationProperties:184 - Using Application install path: C:\ST\STM32CubeIDE_1.19.0\STM32CubeIDE\plugins\com.st.stm32cube.common.mx_6.15.0.202507011659
2026-08-04 13:29:18,878 [INFO] PluginManage:196 - Search for loadable plugins [exclusion list=, ]
2026-08-04 13:29:18,881 [INFO] PluginManage:310 - Check plugin analytics
2026-08-04 13:29:19,133 [INFO] AnalyticsPlugin:253 - Accepted Software Licenses: 
2026-08-04 13:29:19,133 [INFO] AnalyticsPlugin:255 - Accepted CMSIS Pack Licenses: 
2026-08-04 13:29:19,134 [INFO] AnalyticsPlugin:257 - Accepted Firmware Licenses: 
2026-08-04 13:29:19,141 [INFO] PluginManage:359 - Loaded plugin analytics (category:tool,tabindex:-1)
2026-08-04 13:29:19,142 [INFO] PluginManage:310 - Check plugin cadmodel
2026-08-04 13:29:19,153 [INFO] CADModel:105 - Init CAD model plugin
2026-08-04 13:29:19,154 [INFO] PluginManage:359 - Loaded plugin cadmodel (category:power,tabindex:5)
2026-08-04 13:29:19,154 [INFO] PluginManage:310 - Check plugin clock
2026-08-04 13:29:19,175 [INFO] PluginManage:359 - Loaded plugin clock (category:base,tabindex:2)
2026-08-04 13:29:19,175 [INFO] PluginManage:310 - Check plugin ddr
2026-08-04 13:29:19,179 [INFO] PluginManage:359 - Loaded plugin ddr (category:tool,tabindex:6)
2026-08-04 13:29:19,180 [INFO] PluginManage:310 - Check plugin filemanager
2026-08-04 13:29:19,398 [INFO] PluginManage:359 - Loaded plugin filemanager (category:base,tabindex:10)
2026-08-04 13:29:19,398 [INFO] PluginManage:310 - Check plugin ipmanager
2026-08-04 13:29:19,411 [INFO] PluginManage:359 - Loaded plugin ipmanager (category:base,tabindex:5)
2026-08-04 13:29:19,411 [INFO] PluginManage:310 - Check plugin lpbam
2026-08-04 13:29:19,424 [INFO] PluginManage:359 - Loaded plugin lpbam (category:base,tabindex:0)
2026-08-04 13:29:19,425 [INFO] PluginManage:310 - Check plugin memorymap
2026-08-04 13:29:19,450 [INFO] PluginManage:359 - Loaded plugin memorymap (category:base,tabindex:4)
2026-08-04 13:29:19,450 [INFO] PluginManage:310 - Check plugin pinoutandconfiguration
2026-08-04 13:29:19,463 [INFO] PluginManage:359 - Loaded plugin pinoutandconfiguration (category:base,tabindex:1)
2026-08-04 13:29:19,464 [INFO] PluginManage:310 - Check plugin pinoutconfig
2026-08-04 13:29:19,620 [WARN] SupportedApi:132 - Cannot load RTOS API schema: s4s-elt-must-match.1: The content of 'definitions' must match (annotation?, (simpleType | complexType)?, (unique | key | keyref)*)). A problem was found starting at: attribute.
2026-08-04 13:29:19,792 [INFO] PluginManage:359 - Loaded plugin pinoutconfig (category:base,tabindex:0)
2026-08-04 13:29:19,792 [INFO] PluginManage:310 - Check plugin power
2026-08-04 13:29:19,803 [INFO] PluginManage:359 - Loaded plugin power (category:power,tabindex:4)
2026-08-04 13:29:19,804 [INFO] PluginManage:310 - Check plugin projectmanager
2026-08-04 13:29:19,827 [INFO] PluginManage:359 - Loaded plugin projectmanager (category:projectmanager,tabindex:4)
2026-08-04 13:29:19,827 [INFO] PluginManage:310 - Check plugin rif
2026-08-04 13:29:19,841 [INFO] PluginManage:359 - Loaded plugin rif (category:base,tabindex:3)
2026-08-04 13:29:19,842 [INFO] PluginManage:310 - Check plugin thirdparty
2026-08-04 13:29:20,043 [INFO] PluginManage:359 - Loaded plugin thirdparty (category:base,tabindex:-1)
2026-08-04 13:29:20,043 [INFO] PluginManage:310 - Check plugin tools
2026-08-04 13:29:20,043 [WARN] IntegrityCheckThread:84 - waiting for thirdparty lock release [integrity check]
2026-08-04 13:29:20,044 [INFO] IntegrityCheckThread:86 - entering critical section [integrity check]
2026-08-04 13:29:20,044 [INFO] ThirdPartyUpdaterWithRetryManager:70 - Updater plugin not ready yet. [1/15]
2026-08-04 13:29:20,046 [INFO] PluginManage:359 - Loaded plugin tools (category:base,tabindex:7)
2026-08-04 13:29:20,047 [INFO] PluginManage:310 - Check plugin tutovideos
2026-08-04 13:29:20,347 [INFO] PluginManage:359 - Loaded plugin tutovideos (category:base,tabindex:-1)
2026-08-04 13:29:20,347 [INFO] PluginManage:310 - Check plugin updater
2026-08-04 13:29:20,381 [INFO] PluginManage:359 - Loaded plugin updater (category:base,tabindex:12)
2026-08-04 13:29:20,381 [INFO] PluginManage:310 - Check plugin userauth
2026-08-04 13:29:20,387 [INFO] UserAuth:118 - Init User Auth plugin
2026-08-04 13:29:20,388 [INFO] PluginManage:359 - Loaded plugin userauth (category:base,tabindex:14)
2026-08-04 13:29:20,389 [INFO] PluginManage:283 - PluginManage : Loaded plugins [18]
2026-08-04 13:29:20,702 [INFO] PinOutPanel:1589 - setPackage(No Configuration,No Configuration)
2026-08-04 13:29:20,797 [INFO] CADModel:165 - CPN selected for project level
2026-08-04 13:29:20,797 [INFO] CADModel:114 - Register for checkConnection events
2026-08-04 13:29:20,818 [INFO] IPUIPlugin:80 - create IPUIPlugin
2026-08-04 13:29:20,818 [INFO] PluginManager:220 - loadIPPluginJar : add adc
2026-08-04 13:29:20,821 [INFO] IPUIPlugin:80 - create IPUIPlugin
2026-08-04 13:29:20,821 [INFO] PluginManager:220 - loadIPPluginJar : add aes
2026-08-04 13:29:20,824 [INFO] IPUIPlugin:80 - create IPUIPlugin
2026-08-04 13:29:20,825 [INFO] PluginManager:220 - loadIPPluginJar : add can
2026-08-04 13:29:20,827 [INFO] IPUIPlugin:80 - create IPUIPlugin
2026-08-04 13:29:20,827 [INFO] PluginManager:220 - loadIPPluginJar : add comp
2026-08-04 13:29:20,830 [INFO] IPUIPlugin:80 - create IPUIPlugin
2026-08-04 13:29:20,830 [INFO] PluginManager:220 - loadIPPluginJar : add cryp
2026-08-04 13:29:20,834 [INFO] IPUIPlugin:80 - create IPUIPlugin
2026-08-04 13:29:20,834 [INFO] PluginManager:220 - loadIPPluginJar : add ddr_ctrl_phy
2026-08-04 13:29:20,837 [INFO] IPUIPlugin:80 - create IPUIPlugin
2026-08-04 13:29:20,837 [INFO] PluginManager:220 - loadIPPluginJar : add dfsdm
2026-08-04 13:29:20,845 [INFO] IPUIPlugin:80 - create IPUIPlugin
2026-08-04 13:29:20,846 [INFO] PluginManager:220 - loadIPPluginJar : add dma
2026-08-04 13:29:20,850 [INFO] IPUIPlugin:80 - create IPUIPlugin
2026-08-04 13:29:20,850 [INFO] PluginManager:220 - loadIPPluginJar : add dma3
2026-08-04 13:29:20,853 [INFO] IPUIPlugin:80 - create IPUIPlugin
2026-08-04 13:29:20,854 [INFO] PluginManager:220 - loadIPPluginJar : add extmemmanager
2026-08-04 13:29:20,856 [INFO] IPUIPlugin:80 - create IPUIPlugin
2026-08-04 13:29:20,856 [INFO] PluginManager:220 - loadIPPluginJar : add fatfs
2026-08-04 13:29:20,863 [INFO] IPUIPlugin:80 - create IPUIPlugin
2026-08-04 13:29:20,864 [INFO] PluginManager:220 - loadIPPluginJar : add fmc
2026-08-04 13:29:20,874 [INFO] IPUIPlugin:80 - create IPUIPlugin
2026-08-04 13:29:20,874 [INFO] PluginManager:220 - loadIPPluginJar : add freertos
2026-08-04 13:29:20,877 [INFO] IPUIPlugin:80 - create IPUIPlugin
2026-08-04 13:29:20,877 [INFO] PluginManager:220 - loadIPPluginJar : add genericplugin
2026-08-04 13:29:20,882 [INFO] IPUIPlugin:80 - create IPUIPlugin
2026-08-04 13:29:20,882 [INFO] PluginManager:220 - loadIPPluginJar : add gfxmmu
2026-08-04 13:29:20,890 [INFO] IPUIPlugin:80 - create IPUIPlugin
2026-08-04 13:29:20,891 [INFO] PluginManager:220 - loadIPPluginJar : add gic
2026-08-04 13:29:20,899 [INFO] IPUIPlugin:80 - create IPUIPlugin
2026-08-04 13:29:20,900 [INFO] PluginManager:220 - loadIPPluginJar : add gpio
2026-08-04 13:29:20,906 [INFO] IPUIPlugin:80 - create IPUIPlugin
2026-08-04 13:29:20,906 [INFO] PluginManager:220 - loadIPPluginJar : add gtzc
2026-08-04 13:29:20,910 [INFO] IPUIPlugin:80 - create IPUIPlugin
2026-08-04 13:29:20,910 [INFO] PluginManager:220 - loadIPPluginJar : add hash
2026-08-04 13:29:20,914 [INFO] IPUIPlugin:80 - create IPUIPlugin
2026-08-04 13:29:20,915 [INFO] PluginManager:220 - loadIPPluginJar : add i2c
2026-08-04 13:29:20,919 [INFO] IPUIPlugin:80 - create IPUIPlugin
2026-08-04 13:29:20,919 [INFO] PluginManager:220 - loadIPPluginJar : add i2s
2026-08-04 13:29:20,925 [INFO] IPUIPlugin:80 - create IPUIPlugin
2026-08-04 13:29:20,926 [INFO] PluginManager:220 - loadIPPluginJar : add i3c
2026-08-04 13:29:20,932 [INFO] IPUIPlugin:80 - create IPUIPlugin
2026-08-04 13:29:20,933 [INFO] PluginManager:220 - loadIPPluginJar : add ipddr
2026-08-04 13:29:20,948 [INFO] IPUIPlugin:80 - create IPUIPlugin
2026-08-04 13:29:20,948 [INFO] PluginManager:220 - loadIPPluginJar : add linkedlist
2026-08-04 13:29:20,956 [INFO] IPUIPlugin:80 - create IPUIPlugin
2026-08-04 13:29:20,956 [INFO] PluginManager:220 - loadIPPluginJar : add lorawan
2026-08-04 13:29:20,960 [INFO] IPUIPlugin:80 - create IPUIPlugin
2026-08-04 13:29:20,961 [INFO] PluginManager:220 - loadIPPluginJar : add ltdc
2026-08-04 13:29:20,970 [INFO] IPUIPlugin:80 - create IPUIPlugin
2026-08-04 13:29:20,970 [INFO] PluginManager:220 - loadIPPluginJar : add mdma
2026-08-04 13:29:20,977 [INFO] IPUIPlugin:80 - create IPUIPlugin
2026-08-04 13:29:20,977 [INFO] PluginManager:220 - loadIPPluginJar : add nvic
2026-08-04 13:29:20,982 [INFO] IPUIPlugin:80 - create IPUIPlugin
2026-08-04 13:29:20,982 [INFO] PluginManager:220 - loadIPPluginJar : add opamp
2026-08-04 13:29:20,989 [INFO] IPUIPlugin:80 - create IPUIPlugin
2026-08-04 13:29:20,989 [INFO] PluginManager:220 - loadIPPluginJar : add openamp
2026-08-04 13:29:20,995 [INFO] IPUIPlugin:80 - create IPUIPlugin
2026-08-04 13:29:20,995 [INFO] PluginManager:220 - loadIPPluginJar : add pdm2pcm
2026-08-04 13:29:21,005 [INFO] IPUIPlugin:80 - create IPUIPlugin
2026-08-04 13:29:21,008 [INFO] PluginManager:220 - loadIPPluginJar : add plateformsettings
2026-08-04 13:29:21,012 [INFO] IPUIPlugin:80 - create IPUIPlugin
2026-08-04 13:29:21,013 [INFO] PluginManager:220 - loadIPPluginJar : add quadspi
2026-08-04 13:29:21,016 [INFO] IPUIPlugin:80 - create IPUIPlugin
2026-08-04 13:29:21,017 [INFO] PluginManager:220 - loadIPPluginJar : add radio
2026-08-04 13:29:21,025 [INFO] IPUIPlugin:80 - create IPUIPlugin
2026-08-04 13:29:21,026 [INFO] PluginManager:220 - loadIPPluginJar : add resmgrutility
2026-08-04 13:29:21,031 [INFO] IPUIPlugin:80 - create IPUIPlugin
2026-08-04 13:29:21,032 [INFO] PluginManager:220 - loadIPPluginJar : add sai
2026-08-04 13:29:21,037 [INFO] IPUIPlugin:80 - create IPUIPlugin
2026-08-04 13:29:21,037 [INFO] PluginManager:220 - loadIPPluginJar : add spi
2026-08-04 13:29:21,045 [INFO] IPUIPlugin:80 - create IPUIPlugin
2026-08-04 13:29:21,045 [INFO] PluginManager:220 - loadIPPluginJar : add stm32_wpan
2026-08-04 13:29:21,050 [INFO] IPUIPlugin:80 - create IPUIPlugin
2026-08-04 13:29:21,050 [INFO] PluginManager:220 - loadIPPluginJar : add tim
2026-08-04 13:29:21,056 [INFO] IPUIPlugin:80 - create IPUIPlugin
2026-08-04 13:29:21,056 [INFO] PluginManager:220 - loadIPPluginJar : add touchsensing
2026-08-04 13:29:21,061 [INFO] IPUIPlugin:80 - create IPUIPlugin
2026-08-04 13:29:21,061 [INFO] PluginManager:220 - loadIPPluginJar : add tracer_emb
2026-08-04 13:29:21,065 [INFO] IPUIPlugin:80 - create IPUIPlugin
2026-08-04 13:29:21,065 [INFO] PluginManager:220 - loadIPPluginJar : add ts
2026-08-04 13:29:21,067 [INFO] IPUIPlugin:80 - create IPUIPlugin
2026-08-04 13:29:21,067 [INFO] PluginManager:220 - loadIPPluginJar : add tsc
2026-08-04 13:29:21,070 [INFO] IPUIPlugin:80 - create IPUIPlugin
2026-08-04 13:29:21,070 [INFO] PluginManager:220 - loadIPPluginJar : add ucpd
2026-08-04 13:29:21,074 [INFO] IPUIPlugin:80 - create IPUIPlugin
2026-08-04 13:29:21,074 [INFO] PluginManager:220 - loadIPPluginJar : add usart
2026-08-04 13:29:21,079 [INFO] IPUIPlugin:80 - create IPUIPlugin
2026-08-04 13:29:21,079 [INFO] PluginManager:220 - loadIPPluginJar : add usbx
2026-08-04 13:29:21,232 [FATAL] Updater:351 - Updater called before beeing initialized
2026-08-04 13:29:21,283 [INFO] RulesReader:64 - Compatibility file has been processed (317 Rules)
2026-08-04 13:29:21,301 [INFO] RulesReader:64 - Compatibility file has been processed (317 Rules)
2026-08-04 13:29:21,321 [INFO] CADModel:165 - CPN selected for project level
2026-08-04 13:29:21,322 [INFO] CADModel:114 - Register for checkConnection events
2026-08-04 13:29:21,322 [FATAL] Updater:351 - Updater called before beeing initialized
2026-08-04 13:29:21,322 [ERROR] CADModel:125 - Updater not yet initialized, retry later 
2026-08-04 13:29:21,552 [FATAL] Updater:351 - Updater called before beeing initialized
2026-08-04 13:29:21,555 [INFO] CADModel:165 - CPN selected for project level
2026-08-04 13:29:21,555 [INFO] CADModel:114 - Register for checkConnection events
2026-08-04 13:29:21,555 [FATAL] Updater:351 - Updater called before beeing initialized
2026-08-04 13:29:21,556 [ERROR] CADModel:125 - Updater not yet initialized, retry later 
2026-08-04 13:29:21,562 [FATAL] Updater:351 - Updater called before beeing initialized
2026-08-04 13:29:21,705 [FATAL] Updater:351 - Updater called before beeing initialized
2026-08-04 13:29:21,710 [INFO] DbMcusAds:53 - JSON generation date=Wed Jul 15 02:46:00 PDT 2026 (1784108760991)
2026-08-04 13:29:21,710 [FATAL] Updater:351 - Updater called before beeing initialized
2026-08-04 13:29:21,759 [WARN] DetailPanel:346 - Failed to get advertising image, set to default
2026-08-04 13:29:21,851 [FATAL] Updater:351 - Updater called before beeing initialized
2026-08-04 13:29:21,854 [FATAL] Updater:351 - Updater called before beeing initialized
2026-08-04 13:29:21,854 [FATAL] Updater:351 - Updater called before beeing initialized
2026-08-04 13:29:21,855 [WARN] DetailPanel:346 - Failed to get advertising image, set to default
2026-08-04 13:29:21,856 [FATAL] Updater:351 - Updater called before beeing initialized
2026-08-04 13:29:21,934 [ERROR] Updater:1198 - MainUpdater not yet initialized. External WinMGr cannot be set.
2026-08-04 13:29:21,936 [INFO] Updater:1134 - Updater Version found : 6.15.0
2026-08-04 13:29:21,965 [INFO] ApplicationProperties:184 - Using Application install path: C:\ST\STM32CubeIDE_1.19.0\STM32CubeIDE\plugins\com.st.stm32cube.common.mx_6.15.0.202507011659
2026-08-04 13:29:23,044 [INFO] ThirdPartyUpdaterWithRetryManager:70 - Updater plugin not ready yet. [2/15]
2026-08-04 13:29:23,546 [ERROR] LogOutputStream:75 - [STDERR_REDIRECT] Aug 04, 2026 1:29:23 PM java.util.prefs.WindowsPreferences <init>
2026-08-04 13:29:23,548 [ERROR] LogOutputStream:75 - [STDERR_REDIRECT] WARNING: Could not open/create prefs root node Software\JavaSoft\Prefs at root 0xffffffff80000002. Windows RegCreateKeyEx(...) returned error code 5.
2026-08-04 13:29:23,548 [ERROR] LogOutputStream:75 - [STDERR_REDIRECT] 
2026-08-04 13:29:24,109 [INFO] MainUpdater:2872 - connection check result : 10
2026-08-04 13:29:24,110 [INFO] MainUpdater:289 - Updater Check For Update Now.
2026-08-04 13:29:24,110 [INFO] MicroXplorer:498 - Change Database Version : DB.6.0.150
2026-08-04 13:29:24,127 [INFO] McuFinderGlobals:63 - Set McuFinder mode to 2 (CubeIDE integrated)
2026-08-04 13:29:24,129 [INFO] UserAuth:487 - Internet connection configuration mode: 1
2026-08-04 13:29:24,192 [INFO] JxBrowserEngine:152 - Initiate JxBrowser Engine with user profile folder
2026-08-04 13:29:24,324 [INFO] CheckServerUpdateThread:120 - End of CheckServer Thread
2026-08-04 13:29:26,016 [INFO] WebApp:169 - Instantiating new browser for Auth
2026-08-04 13:29:26,447 [WARN] PackLoader:240 - Cannot read IP mode file for STMicroelectronics.X-CUBE-AZRTOS-H7.3.5.0
2026-08-04 13:29:26,461 [WARN] PackLoader:240 - Cannot read IP mode file for STMicroelectronics.FP-SNS-MOTENVWB1.1.4.0
2026-08-04 13:29:26,490 [WARN] PackLoader:240 - Cannot read IP mode file for STMicroelectronics.FP-ATR-ASTRA1.2.0.3
2026-08-04 13:29:26,497 [WARN] PackLoader:240 - Cannot read IP mode file for STMicroelectronics.FP-ATR-ASTRA1.2.0.2
2026-08-04 13:29:26,510 [ERROR] Engine:466 - C:\Users\danny\.stm32cubemx\thirdparties\pdsc\STMicroelectronics.X-CUBE-SMBUS.2.1.1.pdsc: PDSC version is not supported
2026-08-04 13:29:26,514 [WARN] PackLoader:240 - Cannot read IP mode file for STMicroelectronics.X-CUBE-SMBUS.2.1.0
2026-08-04 13:29:26,528 [WARN] PackLoader:240 - Cannot read IP mode file for STMicroelectronics.X-CUBE-WB05N.1.1.0
2026-08-04 13:29:26,537 [WARN] PackLoader:240 - Cannot read IP mode file for STMicroelectronics.X-CUBE-ST60.1.0.0
2026-08-04 13:29:26,560 [WARN] PackLoader:240 - Cannot read IP mode file for STMicroelectronics.X-CUBE-AZRTOS-F7.1.1.0
2026-08-04 13:29:26,572 [WARN] PackLoader:240 - Cannot read IP mode file for STMicroelectronics.X-CUBE-FREERTOS.1.6.0
2026-08-04 13:29:26,578 [WARN] PackLoader:240 - Cannot read IP mode file for STMicroelectronics.FP-SNS-MOTENV1.5.1.0
2026-08-04 13:29:26,605 [WARN] PackLoader:240 - Cannot read IP mode file for STMicroelectronics.X-CUBE-AZRTOS-H7RS.1.3.0
2026-08-04 13:29:26,633 [WARN] PackLoader:240 - Cannot read IP mode file for Infineon.AIROC-Wi-Fi-Bluetooth-STM32.1.7.0
2026-08-04 13:29:26,654 [WARN] PackLoader:240 - Cannot read IP mode file for STMicroelectronics.X-CUBE-AZRTOS-H7.3.4.0
2026-08-04 13:29:26,669 [WARN] PackLoader:240 - Cannot read IP mode file for STMicroelectronics.X-CUBE-DISPLAY.3.0.0
2026-08-04 13:29:26,681 [WARN] PackLoader:240 - Cannot read IP mode file for STMicroelectronics.X-CUBE-GNSS1.7.1.1
2026-08-04 13:29:26,687 [WARN] PackLoader:240 - Cannot read IP mode file for STMicroelectronics.FP-SNS-MOTENVWB1.1.5.0
2026-08-04 13:29:26,695 [WARN] PackLoader:240 - Cannot read IP mode file for STMicroelectronics.X-CUBE-NFC10.1.0.0
2026-08-04 13:29:26,707 [WARN] PackLoader:240 - Cannot read IP mode file for STMicroelectronics.X-CUBE-BLEMGR.4.0.0
2026-08-04 13:29:26,724 [WARN] PackLoader:240 - Cannot read IP mode file for STMicroelectronics.X-CUBE-ST60.1.1.0
2026-08-04 13:29:26,731 [WARN] PackLoader:240 - Cannot read IP mode file for emotas.I-CUBE-CANOPEN.1.3.0
2026-08-04 13:29:26,734 [ERROR] Engine:466 - C:\Users\danny\.stm32cubemx\thirdparties\pdsc\STMicroelectronics.X-CUBE-WBA.1.1.0.pdsc: PDSC version is not supported
2026-08-04 13:29:26,739 [WARN] PackLoader:240 - Cannot read IP mode file for STMicroelectronics.X-CUBE-GNSS1.7.1.0
2026-08-04 13:29:26,744 [WARN] ConditionMgr:438 - getConditionDescription Invalid condition id : Cortex-A Device cause : null
2026-08-04 13:29:26,765 [WARN] ConditionMgr:1044 - genDependencies : Invalid condition id : Cortex-A Device cause : null
2026-08-04 13:29:26,765 [WARN] ConditionMgr:1044 - genDependencies : Invalid condition id : Cortex-A Device cause : null
2026-08-04 13:29:26,765 [WARN] ConditionMgr:1044 - genDependencies : Invalid condition id : Cortex-A Device cause : null
2026-08-04 13:29:26,771 [WARN] PackLoader:240 - Cannot read IP mode file for STMicroelectronics.X-CUBE-AI.10.0.0
2026-08-04 13:29:26,780 [WARN] PackLoader:240 - Cannot read IP mode file for STMicroelectronics.FP-SNS-STBOX1.2.1.0
2026-08-04 13:29:26,785 [WARN] PackLoader:240 - Cannot read IP mode file for STMicroelectronics.FP-SNS-SMARTAG2.1.2.0
2026-08-04 13:29:26,791 [WARN] PackLoader:240 - Cannot read IP mode file for STMicroelectronics.FP-SNS-FLIGHT1.5.1.0
2026-08-04 13:29:26,827 [WARN] PackLoader:240 - Cannot read IP mode file for STMicroelectronics.X-CUBE-MEMS1.11.1.0
2026-08-04 13:29:26,933 [INFO] LogOutputStream:77 - [STDOUT_REDIRECT] 1 : Invalid condition id : UX_CORESTACK_Condition cause : null
2026-08-04 13:29:26,934 [INFO] LogOutputStream:77 - [STDOUT_REDIRECT] 1 : Invalid condition id : UX_CORESTACK_Condition cause : null
2026-08-04 13:29:26,936 [INFO] LogOutputStream:77 - [STDOUT_REDIRECT] 1 : Invalid condition id : UX_CORESTACK_Condition cause : null
2026-08-04 13:29:26,939 [INFO] LogOutputStream:77 - [STDOUT_REDIRECT] 1 : Invalid condition id : UX_CORESTACK_Condition cause : null
2026-08-04 13:29:26,941 [INFO] LogOutputStream:77 - [STDOUT_REDIRECT] 1 : Invalid condition id : UX_CORESTACK_Condition cause : null
2026-08-04 13:29:26,942 [WARN] PackLoader:240 - Cannot read IP mode file for STMicroelectronics.X-CUBE-AZRTOS-WL.2.0.0
2026-08-04 13:29:26,948 [WARN] PackLoader:240 - Cannot read IP mode file for STMicroelectronics.FP-SNS-MOTENV1.5.0.0
2026-08-04 13:29:26,959 [WARN] PackLoader:240 - Cannot read IP mode file for STMicroelectronics.X-CUBE-AZRTOS-H7RS.1.2.0
2026-08-04 13:29:26,972 [WARN] PackLoader:240 - Cannot read IP mode file for WES.I-CUBE-Cesium.1.3.0
2026-08-04 13:29:26,978 [WARN] PackLoader:240 - Cannot read IP mode file for STMicroelectronics.X-CUBE-BLE2.3.3.0
2026-08-04 13:29:27,000 [WARN] PackLoader:240 - Cannot read IP mode file for STMicroelectronics.X-CUBE-NFC9.1.0.0
2026-08-04 13:29:27,006 [WARN] PackLoader:240 - Cannot read IP mode file for STMicroelectronics.X-CUBE-BLE1.7.1.0
2026-08-04 13:29:27,012 [WARN] PackLoader:240 - Cannot read IP mode file for wolfSSL.I-CUBE-wolfMQTT.1.19.2
2026-08-04 13:29:27,019 [WARN] PackLoader:240 - Cannot read IP mode file for STMicroelectronics.X-CUBE-EEPRMA1.5.2.0
2026-08-04 13:29:27,028 [WARN] PackLoader:240 - Cannot read IP mode file for STMicroelectronics.FP-SNS-STAIOTCFT.1.1.0
2026-08-04 13:29:27,080 [WARN] PackLoader:240 - Cannot read IP mode file for STMicroelectronics.X-CUBE-MEMS1.12.0.0
2026-08-04 13:29:27,211 [WARN] PackLoader:240 - Cannot read IP mode file for STMicroelectronics.X-CUBE-AZRTOS-G0.1.1.0
2026-08-04 13:29:27,219 [WARN] PackLoader:240 - Cannot read IP mode file for STMicroelectronics.X-CUBE-SAFEA1.1.2.2
2026-08-04 13:29:27,226 [WARN] PackLoader:240 - Cannot read IP mode file for STMicroelectronics.X-CUBE-NFC4.3.0.0
2026-08-04 13:29:27,235 [WARN] PackLoader:240 - Cannot read IP mode file for EmbeddedOffice.I-CUBE-FS-RTOS.1.0.1
2026-08-04 13:29:27,241 [WARN] PackLoader:240 - Cannot read IP mode file for STMicroelectronics.X-CUBE-WB05N.2.0.0
2026-08-04 13:29:27,246 [WARN] PackLoader:240 - Cannot read IP mode file for wolfSSL.I-CUBE-wolfTPM.3.8.0
2026-08-04 13:29:27,251 [WARN] PackLoader:240 - Cannot read IP mode file for STMicroelectronics.X-CUBE-TCPP.4.2.0
2026-08-04 13:29:27,257 [WARN] PackLoader:240 - Cannot read IP mode file for RealThread.X-CUBE-RT-Thread_Nano.4.1.1
2026-08-04 13:29:27,261 [WARN] PackLoader:240 - Cannot read IP mode file for STMicroelectronics.FP-ATR-SIGFOX1.3.2.0
2026-08-04 13:29:27,265 [WARN] PackLoader:240 - Cannot read IP mode file for STMicroelectronics.X-CUBE-EEPRMA1.5.1.0
2026-08-04 13:29:27,270 [WARN] PackLoader:240 - Cannot read IP mode file for STMicroelectronics.X-CUBE-FREERTOS.1.5.0
2026-08-04 13:29:27,274 [WARN] PackLoader:240 - Cannot read IP mode file for wolfSSL.I-CUBE-wolfSSL.5.7.6
2026-08-04 13:29:27,279 [WARN] PackLoader:240 - Cannot read IP mode file for ITTIA_DB.I-CUBE-ITTIADB.8.9.0
2026-08-04 13:29:27,285 [WARN] PackLoader:240 - Cannot read IP mode file for STMicroelectronics.X-CUBE-NFC6.3.2.0
2026-08-04 13:29:27,306 [WARN] PackLoader:240 - Cannot read IP mode file for STMicroelectronics.X-CUBE-ST67W61.1.0.0
2026-08-04 13:29:27,310 [WARN] PackLoader:240 - Cannot read IP mode file for STMicroelectronics.X-CUBE-AI.10.2.1
2026-08-04 13:29:27,313 [WARN] PackLoader:240 - Cannot read IP mode file for STMicroelectronics.X-CUBE-AI.10.2.0
2026-08-04 13:29:27,340 [WARN] PackLoader:240 - Cannot read IP mode file for STMicroelectronics.X-CUBE-MEMS1.12.1.0
2026-08-04 13:29:27,405 [WARN] PackLoader:240 - Cannot read IP mode file for SEGGER.I-CUBE-embOS.1.3.1
2026-08-04 13:29:27,444 [WARN] PackLoader:240 - Cannot read IP mode file for STMicroelectronics.X-CUBE-ALGOBUILD.1.4.0
2026-08-04 13:29:27,470 [WARN] PackLoader:240 - Cannot read IP mode file for STMicroelectronics.X-CUBE-MEMS1.11.3.0
2026-08-04 13:29:27,551 [WARN] PackLoader:240 - Cannot read IP mode file for STMicroelectronics.X-CUBE-NFC13.1.0.0
2026-08-04 13:29:27,556 [WARN] PackLoader:240 - Cannot read IP mode file for STMicroelectronics.X-CUBE-PM33A1.1.0.0
2026-08-04 13:29:27,581 [WARN] PackLoader:240 - Cannot read IP mode file for STMicroelectronics.X-CUBE-AZRTOS-F4.1.1.0
2026-08-04 13:29:27,591 [WARN] PackLoader:240 - Cannot read IP mode file for Avnet-IotConnect.X-CUBE-IoTC-DA16k-PMOD.1.0.0
2026-08-04 13:29:27,600 [WARN] PackLoader:240 - Cannot read IP mode file for STMicroelectronics.X-CUBE-ISPU.2.1.0
2026-08-04 13:29:27,630 [WARN] PackLoader:240 - Cannot read IP mode file for STMicroelectronics.X-CUBE-IPS.3.2.0
2026-08-04 13:29:27,644 [WARN] PackLoader:240 - Cannot read IP mode file for STMicroelectronics.eDS-WB_DPC_TT-BIDIR.2.1.1
2026-08-04 13:29:27,652 [WARN] PackLoader:240 - Cannot read IP mode file for STMicroelectronics.X-CUBE-NFC12.1.0.0
2026-08-04 13:29:27,664 [WARN] PackLoader:240 - Cannot read IP mode file for STMicroelectronics.X-CUBE-AZRTOS-L5.2.0.0
2026-08-04 13:29:27,671 [WARN] PackLoader:240 - Cannot read IP mode file for STMicroelectronics.X-CUBE-NFC6.3.1.0
2026-08-04 13:29:27,678 [WARN] PackLoader:240 - Cannot read IP mode file for STMicroelectronics.X-CUBE-ALGOBUILD.1.5.0
2026-08-04 13:29:27,683 [WARN] PackLoader:240 - Cannot read IP mode file for STMicroelectronics.eDS-WB_DPC_VIENNA.1.2.0
2026-08-04 13:29:27,706 [WARN] PackLoader:240 - Cannot read IP mode file for STMicroelectronics.X-CUBE-MEMS1.13.0.0
2026-08-04 13:29:27,747 [WARN] PackLoader:240 - Cannot read IP mode file for STMicroelectronics.eDS-WB_DPC_3PH2L-BIDIR.1.1.1
2026-08-04 13:29:27,751 [ERROR] Engine:466 - C:\Users\danny\.stm32cubemx\thirdparties\pdsc\STMicroelectronics.X-CUBE-ST67W61.1.3.0.pdsc: PDSC version is not supported
2026-08-04 13:29:27,755 [WARN] PackLoader:240 - Cannot read IP mode file for STMicroelectronics.X-CUBE-FREERTOS.1.3.1
2026-08-04 13:29:27,762 [WARN] PackLoader:240 - Cannot read IP mode file for STMicroelectronics.X-CUBE-FREERTOS.1.3.0
2026-08-04 13:29:27,767 [WARN] PackLoader:240 - Cannot read IP mode file for STMicroelectronics.X-CUBE-NFC7.1.0.1
2026-08-04 13:29:27,776 [WARN] PackLoader:240 - Cannot read IP mode file for STMicroelectronics.X-CUBE-TOUCHGFX.4.26.0
2026-08-04 13:29:27,779 [WARN] PackLoader:240 - Cannot read IP mode file for STMicroelectronics.X-CUBE-TOUCHGFX.4.26.1
2026-08-04 13:29:27,783 [WARN] PackLoader:240 - Cannot read IP mode file for STMicroelectronics.FP-SNS-STAIOTCFT.1.0.0
2026-08-04 13:29:27,787 [WARN] PackLoader:240 - Cannot read IP mode file for STMicroelectronics.X-CUBE-DPower.1.3.0
2026-08-04 13:29:27,797 [WARN] ConditionMgr:438 - getConditionDescription Invalid condition id : LAN8742 Phy interface Condition cause : null
2026-08-04 13:29:27,798 [WARN] PackLoader:240 - Cannot read IP mode file for STMicroelectronics.X-CUBE-AZRTOS-L4.2.0.0
2026-08-04 13:29:27,798 [WARN] ConditionMgr:1044 - genDependencies : Invalid condition id : LAN8742 Phy interface Condition cause : null
2026-08-04 13:29:27,799 [WARN] ConditionMgr:1044 - genDependencies : Invalid condition id : LAN8742 Phy interface Condition cause : null
2026-08-04 13:29:27,799 [WARN] ConditionMgr:1044 - genDependencies : Invalid condition id : LAN8742 Phy interface Condition cause : null
2026-08-04 13:29:27,805 [WARN] PackLoader:240 - Cannot read IP mode file for STMicroelectronics.X-CUBE-SFXS2LP1.4.0.0
2026-08-04 13:29:27,810 [WARN] PackLoader:240 - Cannot read IP mode file for STMicroelectronics.X-CUBE-WB05N.2.1.0
2026-08-04 13:29:27,814 [WARN] PackLoader:240 - Cannot read IP mode file for STMicroelectronics.X-CUBE-ST67W61.1.2.0
2026-08-04 13:29:27,826 [WARN] PackLoader:240 - Cannot read IP mode file for STMicroelectronics.X-CUBE-AZRTOS-H7.3.3.0
2026-08-04 13:29:27,834 [WARN] PackLoader:240 - Cannot read IP mode file for STMicroelectronics.X-CUBE-BLEMGR.4.1.0
2026-08-04 13:29:27,844 [WARN] ConditionMgr:438 - getConditionDescription Invalid condition id : UX DEVICE CLASS RTOS Condition cause : null
2026-08-04 13:29:27,844 [WARN] ConditionMgr:438 - getConditionDescription Invalid condition id : UX DEVICE CLASS RTOS Condition cause : null
2026-08-04 13:29:27,845 [WARN] PackLoader:240 - Cannot read IP mode file for STMicroelectronics.X-CUBE-AZRTOS-WB.2.0.0
2026-08-04 13:29:27,845 [WARN] ConditionMgr:1044 - genDependencies : Invalid condition id : UX DEVICE CLASS RTOS Condition cause : null
2026-08-04 13:29:27,845 [WARN] ConditionMgr:1044 - genDependencies : Invalid condition id : UX DEVICE CLASS RTOS Condition cause : null
2026-08-04 13:29:27,845 [WARN] ConditionMgr:1044 - genDependencies : Invalid condition id : UX DEVICE CLASS RTOS Condition cause : null
2026-08-04 13:29:27,846 [WARN] ConditionMgr:1044 - genDependencies : Invalid condition id : UX DEVICE CLASS RTOS Condition cause : null
2026-08-04 13:29:27,846 [WARN] ConditionMgr:1044 - genDependencies : Invalid condition id : UX DEVICE CLASS RTOS Condition cause : null
2026-08-04 13:29:27,850 [WARN] PackLoader:240 - Cannot read IP mode file for STMicroelectronics.X-CUBE-GNSS1.7.0.1
2026-08-04 13:29:27,853 [WARN] PackLoader:240 - Cannot read IP mode file for STMicroelectronics.X-CUBE-TOUCHGFX.4.25.0
2026-08-04 13:29:27,857 [WARN] PackLoader:240 - Cannot read IP mode file for STMicroelectronics.FP-SNS-STBOX1.2.0.0
2026-08-04 13:29:27,864 [WARN] PackLoader:240 - Cannot read IP mode file for STMicroelectronics.X-CUBE-STSE01.2.0.0
2026-08-04 13:29:27,873 [WARN] PackLoader:240 - Cannot read IP mode file for STMicroelectronics.X-CUBE-SUBG2.5.0.0
2026-08-04 13:29:27,887 [WARN] PackLoader:240 - Cannot read IP mode file for STMicroelectronics.X-CUBE-AZRTOS-H7RS.1.1.0
2026-08-04 13:29:27,893 [WARN] PackLoader:240 - Cannot read IP mode file for Cesanta.I-CUBE-Mongoose.7.13.0
2026-08-04 13:29:27,902 [WARN] PackLoader:240 - Cannot read IP mode file for STMicroelectronics.X-CUBE-AZRTOS-G4.2.0.0
2026-08-04 13:29:27,907 [WARN] PackLoader:240 - Cannot read IP mode file for wolfSSL.I-CUBE-wolfSSH.1.4.20
2026-08-04 13:29:27,910 [WARN] PackLoader:240 - Cannot read IP mode file for STMicroelectronics.X-CUBE-NFC7.2.0.0
2026-08-04 13:29:27,916 [WARN] PackLoader:240 - Cannot read IP mode file for STMicroelectronics.X-CUBE-IPS.3.1.0
2026-08-04 13:29:27,922 [ERROR] Engine:466 - C:\Users\danny\.stm32cubemx\thirdparties\pdsc\STMicroelectronics.X-CUBE-BLEMGR.4.2.0.pdsc: PDSC version is not supported
2026-08-04 13:29:27,926 [WARN] PackLoader:240 - Cannot read IP mode file for STMicroelectronics.X-CUBE-ALS.1.0.2
2026-08-04 13:29:27,930 [WARN] PackLoader:240 - Cannot read IP mode file for STMicroelectronics.X-CUBE-STSE01.1.0.0
2026-08-04 13:29:27,936 [WARN] PackLoader:240 - Cannot read IP mode file for portGmbH.I-Cube-SoM-uGOAL.1.1.0
2026-08-04 13:29:27,943 [WARN] PackLoader:240 - Cannot read IP mode file for STMicroelectronics.X-CUBE-TOF1.3.4.2
2026-08-04 13:29:27,958 [WARN] PackLoader:240 - Cannot read IP mode file for STMicroelectronics.X-CUBE-TOF1.3.4.3
2026-08-04 13:29:27,963 [INFO] ThirdParty:978 - Integrity check success = true
2026-08-04 13:29:27,963 [INFO] IntegrityCheckThread:100 - exiting critical section [integrity check]
2026-08-04 13:29:27,964 [INFO] IntegrityCheckThread:103 - End integrity checks thread
2026-08-04 13:29:28,342 [INFO] WebApp:463 - Apply proxy settings
2026-08-04 13:29:28,343 [INFO] WebApp:548 - Chromium requires no authentication
2026-08-04 13:29:28,355 [INFO] WebApp:491 - Direct internet connection detected
2026-08-04 13:29:28,391 [INFO] WebApp:900 - Register for checkConnection events
2026-08-04 13:29:28,391 [INFO] WebApp:463 - Apply proxy settings
2026-08-04 13:29:28,391 [INFO] WebApp:548 - Chromium requires no authentication
2026-08-04 13:29:28,392 [INFO] WebApp:491 - Direct internet connection detected
2026-08-04 13:29:28,568 [INFO] WebApp:191 - Connection restablished
2026-08-04 13:29:28,648 [INFO] WebApp:225 - Starting web application
2026-08-04 13:29:28,649 [INFO] WebApp:593 - Web application path used C:\ST\STM32CubeIDE_1.19.0\STM32CubeIDE\plugins\com.st.stm32cube.common.mx_6.15.0.202507011659\db\plugins\mcufinder\reactClient1\index.html
2026-08-04 13:29:28,819 [INFO] UserAuth:487 - Internet connection configuration mode: 1
2026-08-04 13:32:00,036 [ERROR] LogOutputStream:75 - [STDERR_REDIRECT] 
