2026-08-06 14:38:07,760 [INFO] LogOutputStream:77 - [STDOUT_REDIRECT] 
2026-08-06 14:38:09,034 [INFO] ProjectBuilder:5496 - Time for Generating toolchain IDE Files: 1845mS.
2026-08-06 14:38:09,036 [INFO] ProjectBuilder:3463 - Time for Copy CMSIS : 2mS.
2026-08-06 14:38:09,043 [INFO] ProjectBuilder:3463 - Time for Copy CMSIS : 0mS.
2026-08-06 14:53:24,731 [INFO] WebApp:194 - Connection lost
2026-08-06 14:53:24,848 [INFO] WebApp:191 - Connection restablished
2026-08-06 15:02:09,253 [INFO] WebApp:194 - Connection lost
2026-08-06 15:02:09,377 [INFO] WebApp:191 - Connection restablished
2026-08-06 15:16:15,824 [INFO] WebApp:194 - Connection lost
2026-08-06 15:16:18,732 [INFO] WebApp:191 - Connection restablished
2026-08-06 15:16:21,062 [INFO] WebApp:194 - Connection lost
2026-08-06 15:16:21,242 [INFO] WebApp:191 - Connection restablished
2026-08-06 16:27:16,984 [INFO] WebApp:194 - Connection lost
2026-08-06 16:27:24,581 [INFO] WebApp:191 - Connection restablished
2026-08-06 16:27:26,916 [INFO] WebApp:194 - Connection lost
2026-08-06 16:27:27,122 [INFO] WebApp:191 - Connection restablished
2026-08-06 16:27:54,750 [INFO] WebApp:194 - Connection lost
2026-08-06 16:28:04,262 [INFO] WebApp:191 - Connection restablished
2026-08-06 16:28:04,449 [INFO] WebApp:194 - Connection lost
2026-08-06 16:28:04,473 [INFO] WebApp:191 - Connection restablished
2026-08-06 16:28:07,769 [INFO] WebApp:194 - Connection lost
2026-08-06 16:28:07,891 [INFO] WebApp:191 - Connection restablished
2026-08-06 16:37:30,884 [INFO] MainUpdater:2872 - connection check result : 10
2026-08-06 16:37:30,884 [INFO] MainUpdater:2872 - connection check result : 10
2026-08-06 16:37:30,941 [INFO] MicroXplorer:468 - Change Database Path : 
2026-08-06 16:37:30,941 [INFO] MicroXplorer:498 - Change Database Version : DB.6.0.150
2026-08-06 16:37:31,008 [ERROR] ProjectManagerView:395 - 
java.lang.NullPointerException: Cannot invoke "javax.swing.JTextField.getText()" because the return value of "java.util.List.get(int)" is null
	at com.st.microxplorer.plugins.projectmanager.gui.ProjectChoiceTab$9.caretUpdate(ProjectChoiceTab.java:2706) ~[filemanager.jar:?]
	at javax.swing.text.JTextComponent.fireCaretUpdate(JTextComponent.java:408) ~[?:?]
	at javax.swing.text.JTextComponent$MutableCaretEvent.fire(JTextComponent.java:4484) ~[?:?]
	at javax.swing.text.JTextComponent$MutableCaretEvent.stateChanged(JTextComponent.java:4506) ~[?:?]
	at javax.swing.text.DefaultCaret.fireStateChanged(DefaultCaret.java:857) ~[?:?]
	at javax.swing.text.DefaultCaret.changeCaretPosition(DefaultCaret.java:1343) ~[?:?]
	at javax.swing.text.DefaultCaret.handleSetDot(DefaultCaret.java:1242) ~[?:?]
	at javax.swing.text.DefaultCaret.setDot(DefaultCaret.java:1223) ~[?:?]
	at javax.swing.text.DefaultCaret$Handler.insertUpdate(DefaultCaret.java:1819) ~[?:?]
	at javax.swing.text.AbstractDocument.fireInsertUpdate(AbstractDocument.java:227) ~[?:?]
	at javax.swing.text.AbstractDocument.handleInsertString(AbstractDocument.java:781) ~[?:?]
	at javax.swing.text.AbstractDocument.insertString(AbstractDocument.java:740) ~[?:?]
	at javax.swing.text.PlainDocument.insertString(PlainDocument.java:131) ~[?:?]
	at javax.swing.text.AbstractDocument.replace(AbstractDocument.java:699) ~[?:?]
	at javax.swing.text.JTextComponent.setText(JTextComponent.java:1725) ~[?:?]
	at com.st.microxplorer.plugins.projectmanager.gui.ProjectChoiceTab.createHeapStackFields(ProjectChoiceTab.java:993) ~[filemanager.jar:?]
	at com.st.microxplorer.plugins.projectmanager.gui.ProjectChoiceTab.buildLinkSettingsPanel(ProjectChoiceTab.java:3813) ~[filemanager.jar:?]
	at com.st.microxplorer.plugins.projectmanager.gui.ProjectChoiceTab.defineWindowsFields(ProjectChoiceTab.java:1987) ~[filemanager.jar:?]
	at com.st.microxplorer.plugins.projectmanager.gui.ProjectChoiceTab.updateSettings(ProjectChoiceTab.java:558) ~[filemanager.jar:?]
	at com.st.microxplorer.plugins.projectmanager.gui.ProjectSettingsPanel.UpdateDialog(ProjectSettingsPanel.java:247) ~[filemanager.jar:?]
	at com.st.microxplorer.plugins.projectmanager.ProjectManagerView.propertyChange(ProjectManagerView.java:392) ~[filemanager.jar:?]
	at java.beans.PropertyChangeSupport.fire(PropertyChangeSupport.java:343) ~[?:?]
	at java.beans.PropertyChangeSupport.firePropertyChange(PropertyChangeSupport.java:335) ~[?:?]
	at java.beans.PropertyChangeSupport.firePropertyChange(PropertyChangeSupport.java:268) ~[?:?]
	at com.st.microxplorer.util.MXPropertyChangeSupport.firePropertyChange(MXPropertyChangeSupport.java:54) ~[STM32CubeMX.jar:?]
	at com.st.microxplorer.mxsystem.MxSystem.closeConfig(MxSystem.java:899) ~[STM32CubeMX.jar:?]
	at com.st.microxplorer.maingui.MainPanel.closeConfig(MainPanel.java:792) ~[STM32CubeMX.jar:?]
	at com.st.microxplorer.plugins.filemanager.engine.OpenFileManager.loadConfigurationFile(OpenFileManager.java:288) ~[filemanager.jar:?]
	at com.st.microxplorer.plugins.filemanager.engine.MainFileManager.userLoadConfig(MainFileManager.java:364) ~[filemanager.jar:?]
	at com.st.microxplorer.plugins.filemanager.engine.MainFileManager.userLoadConfig(MainFileManager.java:342) ~[filemanager.jar:?]
	at com.st.microxplorer.plugins.filemanager.FileManagerView.getSpecificTask(FileManagerView.java:264) ~[filemanager.jar:?]
	at com.st.stm32cube.common.mx.editor.CubeMxEditor.getMxTabbedPaneInstance(CubeMxEditor.java:1198) ~[com.st.stm32cube.common.mx_6.15.0.202507011659/:?]
	at com.st.stm32cube.common.mx.editor.CubeMxEditor$12$1.createSwingComponent(CubeMxEditor.java:1068) ~[com.st.stm32cube.common.mx_6.15.0.202507011659/:?]
	at com.st.stm32cube.common.mx.oss.core.awtswtbridge.EmbeddedSwingComposite.doComponentCreation(EmbeddedSwingComposite.java:492) ~[com.st.stm32cube.common.mx.oss_6.15.0.202507011659/:?]
	at com.st.stm32cube.common.mx.oss.core.awtswtbridge.EmbeddedSwingComposite$4.run(EmbeddedSwingComposite.java:291) ~[com.st.stm32cube.common.mx.oss_6.15.0.202507011659/:?]
	at com.st.stm32cube.common.mx.oss.core.awtswtbridge.AwtEnvironment$2.run(AwtEnvironment.java:166) ~[com.st.stm32cube.common.mx.oss_6.15.0.202507011659/:?]
	at java.awt.event.InvocationEvent.dispatch(InvocationEvent.java:318) ~[?:?]
	at java.awt.EventQueue.dispatchEventImpl(EventQueue.java:773) ~[?:?]
	at java.awt.EventQueue$4.run(EventQueue.java:720) ~[?:?]
	at java.awt.EventQueue$4.run(EventQueue.java:714) ~[?:?]
	at java.security.AccessController.doPrivileged(AccessController.java:400) ~[?:?]
	at java.security.ProtectionDomain$JavaSecurityAccessImpl.doIntersectionPrivilege(ProtectionDomain.java:87) ~[?:?]
	at java.awt.EventQueue.dispatchEvent(EventQueue.java:742) ~[?:?]
	at java.awt.EventDispatchThread.pumpOneEventForFilters(EventDispatchThread.java:203) ~[?:?]
	at java.awt.EventDispatchThread.pumpEventsForFilter(EventDispatchThread.java:124) ~[?:?]
	at java.awt.EventDispatchThread.pumpEventsForHierarchy(EventDispatchThread.java:113) ~[?:?]
	at java.awt.EventDispatchThread.pumpEvents(EventDispatchThread.java:109) ~[?:?]
	at java.awt.EventDispatchThread.pumpEvents(EventDispatchThread.java:101) ~[?:?]
	at java.awt.EventDispatchThread.run(EventDispatchThread.java:90) ~[?:?]
2026-08-06 16:37:31,033 [WARN] ThirdParty:871 - waiting for thirdparty lock release [close project]
2026-08-06 16:37:31,033 [INFO] ThirdParty:873 - entering critical section [close project]
2026-08-06 16:37:31,033 [INFO] ThirdParty:883 - exiting critical section [close project]
2026-08-06 16:37:31,037 [INFO] PinOutPanel:1589 - setPackage(No Configuration,No Configuration)
2026-08-06 16:37:31,058 [WARN] IpParametersView:155 - Warning: This peripheral hasn't parameters
2026-08-06 16:37:31,071 [WARN] MainPanel:289 - <html><b><center>Warning: This peripheral has no parameters to be configured<br></b></html>
2026-08-06 16:37:31,082 [INFO] UtilMem:75 - Begin LoadConfig() Used Memory: 357146360 Bytes (597688320)
2026-08-06 16:37:31,082 [INFO] MicroXplorer:468 - Change Database Path : 
2026-08-06 16:37:31,082 [INFO] MicroXplorer:498 - Change Database Version : DB.6.0.150
2026-08-06 16:37:31,082 [INFO] OpenFileManager:355 - Change cursor
2026-08-06 16:37:31,114 [INFO] RulesReader:64 - Compatibility file has been processed (317 Rules)
2026-08-06 16:37:31,120 [INFO] Mcu:2029 - Initializing MCU STM32F411R(C-E)Tx STM32F411RETx STM32F411RET6
2026-08-06 16:37:32,253 [INFO] Context:786 - Trying to add GPIOservice into a context  which must be forbidden
2026-08-06 16:37:32,708 [INFO] ImportTextPane:234 - (OptionalMessage_ERROR) Pin16 (VP_RIF_VS_RIF1) cannot be retrieved for this MCU
2026-08-06 16:37:32,763 [INFO] RtosManager:558 - Registered RTOS mode: class=CMSIS, group=RTOS, mode=CMSIS_V1, owner=FREERTOS
2026-08-06 16:37:32,763 [INFO] RtosManager:558 - Registered RTOS mode: class=CMSIS, group=RTOS2, mode=CMSIS_V2, owner=FREERTOS
2026-08-06 16:37:32,763 [INFO] RtosManager:558 - Registered RTOS mode: class=RTOS, group=Core, mode=CMSIS_V1, owner=FREERTOS
2026-08-06 16:37:32,763 [INFO] RtosManager:558 - Registered RTOS mode: class=RTOS, group=Core, mode=CMSIS_V2, owner=FREERTOS
2026-08-06 16:37:32,763 [WARN] ModelIntegratedComponent:184 - Missing modes for component STMicroelectronics:FreeRTOS:0.0.1:STMicroelectronics:RTOS:FreeRTOS:Core:::10.2.0:
2026-08-06 16:37:32,858 [WARN] ModelIntegratedComponent:63 - No mode defined for component null
2026-08-06 16:37:32,858 [WARN] ModelIntegratedComponent:63 - No mode defined for component null
2026-08-06 16:37:32,858 [WARN] ModelIntegratedComponent:63 - No mode defined for component null
2026-08-06 16:37:32,858 [WARN] ModelIntegratedComponent:63 - No mode defined for component null
2026-08-06 16:37:32,858 [WARN] ModelIntegratedComponent:63 - No mode defined for component null
2026-08-06 16:37:32,858 [WARN] ModelIntegratedComponent:63 - No mode defined for component null
2026-08-06 16:37:32,858 [WARN] ModelIntegratedComponent:63 - No mode defined for component null
2026-08-06 16:37:32,858 [WARN] ModelIntegratedComponent:63 - No mode defined for component null
2026-08-06 16:37:32,858 [WARN] ModelIntegratedComponent:63 - No mode defined for component null
2026-08-06 16:37:32,858 [WARN] ModelIntegratedComponent:63 - No mode defined for component null
2026-08-06 16:37:32,858 [WARN] ModelIntegratedComponent:63 - No mode defined for component null
2026-08-06 16:37:32,858 [WARN] ModelIntegratedComponent:63 - No mode defined for component null
2026-08-06 16:37:32,858 [WARN] ModelIntegratedComponent:63 - No mode defined for component null
2026-08-06 16:37:32,858 [WARN] ModelIntegratedComponent:63 - No mode defined for component null
2026-08-06 16:37:32,858 [WARN] ModelIntegratedComponent:63 - No mode defined for component null
2026-08-06 16:37:32,858 [WARN] ModelIntegratedComponent:63 - No mode defined for component null
2026-08-06 16:37:32,858 [WARN] ModelIntegratedComponent:63 - No mode defined for component null
2026-08-06 16:37:32,858 [WARN] ModelIntegratedComponent:63 - No mode defined for component null
2026-08-06 16:37:32,858 [WARN] ModelIntegratedComponent:63 - No mode defined for component null
2026-08-06 16:37:32,858 [WARN] ModelIntegratedComponent:63 - No mode defined for component null
2026-08-06 16:37:32,858 [WARN] ModelIntegratedComponent:63 - No mode defined for component null
2026-08-06 16:37:32,858 [WARN] ModelIntegratedComponent:63 - No mode defined for component null
2026-08-06 16:37:32,858 [WARN] ModelIntegratedComponent:63 - No mode defined for component null
2026-08-06 16:37:32,858 [WARN] ModelIntegratedComponent:63 - No mode defined for component null
2026-08-06 16:37:32,858 [WARN] ModelIntegratedComponent:63 - No mode defined for component null
2026-08-06 16:37:32,858 [WARN] ModelIntegratedComponent:63 - No mode defined for component null
2026-08-06 16:37:32,858 [WARN] ModelIntegratedComponent:63 - No mode defined for component null
2026-08-06 16:37:32,858 [WARN] ModelIntegratedComponent:63 - No mode defined for component null
2026-08-06 16:37:32,858 [WARN] ModelIntegratedComponent:63 - No mode defined for component null
2026-08-06 16:37:32,858 [WARN] ModelIntegratedComponent:63 - No mode defined for component null
2026-08-06 16:37:32,858 [WARN] ModelIntegratedComponent:63 - No mode defined for component null
2026-08-06 16:37:32,858 [WARN] ModelIntegratedComponent:63 - No mode defined for component null
2026-08-06 16:37:32,858 [WARN] ModelIntegratedComponent:63 - No mode defined for component null
2026-08-06 16:37:32,858 [WARN] ModelIntegratedComponent:63 - No mode defined for component null
2026-08-06 16:37:32,858 [WARN] ModelIntegratedComponent:63 - No mode defined for component null
2026-08-06 16:37:32,858 [WARN] ModelPack:524 - Component already loaded: STMicroelectronics:HAL Drivers:0.0.0:STMicroelectronics:Device:STMicro_Driver:XSPI:HAL::0.0.1:HAL_XSPI
2026-08-06 16:37:32,908 [WARN] ModelIntegratedComponent:182 - Modes not found for component STMicroelectronics:USB_DEVICE:1.0.0:STMicroelectronics:USB::USB Device:Audio HS::1.0:USB_DEVICE_1_0_RESTRICTED_HS
2026-08-06 16:37:32,908 [WARN] ModelIntegratedComponent:188 - Modes not found for component STMicroelectronics:USB_DEVICE:1.0.0:STMicroelectronics:USB::USB Device:Audio HS::1.0:USB_DEVICE_1_0_RESTRICTED_HS
2026-08-06 16:37:32,908 [WARN] ModelIntegratedComponent:182 - Modes not found for component STMicroelectronics:USB_DEVICE:1.0.0:STMicroelectronics:USB::USB Device:CDC HS::1.0:USB_DEVICE_1_0_RESTRICTED_HS
2026-08-06 16:37:32,908 [WARN] ModelIntegratedComponent:188 - Modes not found for component STMicroelectronics:USB_DEVICE:1.0.0:STMicroelectronics:USB::USB Device:CDC HS::1.0:USB_DEVICE_1_0_RESTRICTED_HS
2026-08-06 16:37:32,908 [WARN] ModelIntegratedComponent:182 - Modes not found for component STMicroelectronics:USB_DEVICE:1.0.0:STMicroelectronics:USB::USB Device:DFU HS::1.0:USB_DEVICE_1_0_RESTRICTED_HS
2026-08-06 16:37:32,908 [WARN] ModelIntegratedComponent:188 - Modes not found for component STMicroelectronics:USB_DEVICE:1.0.0:STMicroelectronics:USB::USB Device:DFU HS::1.0:USB_DEVICE_1_0_RESTRICTED_HS
2026-08-06 16:37:32,908 [WARN] ModelIntegratedComponent:182 - Modes not found for component STMicroelectronics:USB_DEVICE:1.0.0:STMicroelectronics:USB::USB Device:HID HS::1.0:USB_DEVICE_1_0_RESTRICTED_HS
2026-08-06 16:37:32,908 [WARN] ModelIntegratedComponent:188 - Modes not found for component STMicroelectronics:USB_DEVICE:1.0.0:STMicroelectronics:USB::USB Device:HID HS::1.0:USB_DEVICE_1_0_RESTRICTED_HS
2026-08-06 16:37:32,908 [WARN] ModelIntegratedComponent:182 - Modes not found for component STMicroelectronics:USB_DEVICE:1.0.0:STMicroelectronics:USB::USB Device:Custom HID HS::1.0:USB_DEVICE_1_0_RESTRICTED_HS
2026-08-06 16:37:32,908 [WARN] ModelIntegratedComponent:188 - Modes not found for component STMicroelectronics:USB_DEVICE:1.0.0:STMicroelectronics:USB::USB Device:Custom HID HS::1.0:USB_DEVICE_1_0_RESTRICTED_HS
2026-08-06 16:37:32,908 [WARN] ModelIntegratedComponent:182 - Modes not found for component STMicroelectronics:USB_DEVICE:1.0.0:STMicroelectronics:USB::USB Device:MSC HS::1.0:USB_DEVICE_1_0_RESTRICTED_HS
2026-08-06 16:37:32,908 [WARN] ModelIntegratedComponent:188 - Modes not found for component STMicroelectronics:USB_DEVICE:1.0.0:STMicroelectronics:USB::USB Device:MSC HS::1.0:USB_DEVICE_1_0_RESTRICTED_HS
2026-08-06 16:37:32,951 [WARN] ModelIntegratedComponent:182 - Modes not found for component STMicroelectronics:USB_HOST:1.0.0:STMicroelectronics:USB::USB Host:Audio HS::1.0:USB_HOST_1_0_RESTRICTED_HS
2026-08-06 16:37:32,951 [WARN] ModelIntegratedComponent:188 - Modes not found for component STMicroelectronics:USB_HOST:1.0.0:STMicroelectronics:USB::USB Host:Audio HS::1.0:USB_HOST_1_0_RESTRICTED_HS
2026-08-06 16:37:32,951 [WARN] ModelIntegratedComponent:182 - Modes not found for component STMicroelectronics:USB_HOST:1.0.0:STMicroelectronics:USB::USB Host:CDC HS::1.0:USB_HOST_1_0_RESTRICTED_HS
2026-08-06 16:37:32,951 [WARN] ModelIntegratedComponent:188 - Modes not found for component STMicroelectronics:USB_HOST:1.0.0:STMicroelectronics:USB::USB Host:CDC HS::1.0:USB_HOST_1_0_RESTRICTED_HS
2026-08-06 16:37:32,951 [WARN] ModelIntegratedComponent:182 - Modes not found for component STMicroelectronics:USB_HOST:1.0.0:STMicroelectronics:USB::USB Host:MSC HS::1.0:USB_HOST_1_0_RESTRICTED_HS
2026-08-06 16:37:32,951 [WARN] ModelIntegratedComponent:188 - Modes not found for component STMicroelectronics:USB_HOST:1.0.0:STMicroelectronics:USB::USB Host:MSC HS::1.0:USB_HOST_1_0_RESTRICTED_HS
2026-08-06 16:37:32,951 [WARN] ModelIntegratedComponent:182 - Modes not found for component STMicroelectronics:USB_HOST:1.0.0:STMicroelectronics:USB::USB Host:HID HS::1.0:USB_HOST_1_0_RESTRICTED_HS
2026-08-06 16:37:32,951 [WARN] ModelIntegratedComponent:188 - Modes not found for component STMicroelectronics:USB_HOST:1.0.0:STMicroelectronics:USB::USB Host:HID HS::1.0:USB_HOST_1_0_RESTRICTED_HS
2026-08-06 16:37:32,951 [WARN] ModelIntegratedComponent:182 - Modes not found for component STMicroelectronics:USB_HOST:1.0.0:STMicroelectronics:USB::USB Host:MTP HS::1.0:USB_HOST_1_0_RESTRICTED_HS
2026-08-06 16:37:32,951 [WARN] ModelIntegratedComponent:188 - Modes not found for component STMicroelectronics:USB_HOST:1.0.0:STMicroelectronics:USB::USB Host:MTP HS::1.0:USB_HOST_1_0_RESTRICTED_HS
2026-08-06 16:37:33,073 [INFO] ThirdPartyModel:298 - Start build external matchings
2026-08-06 16:37:34,336 [INFO] ThirdPartyModel:316 - End build external matchings
2026-08-06 16:37:34,371 [INFO] RtosManager:1018 - Current active RTOS is FREERTOS [Cortex-M4NS]
2026-08-06 16:37:34,740 [INFO] UtilMem:75 - End LoadConfig() Used Memory: 331215496 Bytes (597688320)
2026-08-06 16:37:34,800 [WARN] ThirdParty:833 - waiting for thirdparty lock release [change project]
2026-08-06 16:37:34,800 [INFO] ThirdParty:835 - entering critical section [change project]
2026-08-06 16:37:34,800 [INFO] ThirdParty:1030 - CMSIS Pack Vendor :STMicroelectronics X-CUBE-AZRTOS-H7 3.5.0
2026-08-06 16:37:34,800 [INFO] ThirdParty:1030 - CMSIS Pack Vendor :STMicroelectronics X-CUBE-PM33A1 1.0.0
2026-08-06 16:37:34,800 [INFO] ThirdParty:1030 - CMSIS Pack Vendor :STMicroelectronics USBPD 4.1
2026-08-06 16:37:34,800 [INFO] ThirdParty:1030 - CMSIS Pack Vendor :STMicroelectronics USB_HOST 2.0.0
2026-08-06 16:37:34,800 [INFO] ThirdParty:1030 - CMSIS Pack Vendor :STMicroelectronics FP-SNS-MOTENVWB1 1.4.0
2026-08-06 16:37:34,800 [INFO] ThirdParty:1030 - CMSIS Pack Vendor :STMicroelectronics FP-ATR-ASTRA1 2.0.3
2026-08-06 16:37:34,800 [INFO] ThirdParty:1030 - CMSIS Pack Vendor :STMicroelectronics X-CUBE-AZRTOS-F4 1.1.0
2026-08-06 16:37:34,800 [INFO] ThirdParty:1030 - CMSIS Pack Vendor :STMicroelectronics LIBJPEG 8.0.0
2026-08-06 16:37:34,800 [INFO] ThirdParty:1030 - CMSIS Pack Vendor :STMicroelectronics FP-ATR-ASTRA1 2.0.2
2026-08-06 16:37:34,800 [INFO] ThirdParty:1030 - CMSIS Pack Vendor :Avnet-IotConnect X-CUBE-IoTC-DA16k-PMOD 1.0.0
2026-08-06 16:37:34,802 [INFO] ThirdParty:1030 - CMSIS Pack Vendor :STMicroelectronics X-CUBE-SMBUS 2.1.0
2026-08-06 16:37:34,802 [INFO] ThirdParty:1030 - CMSIS Pack Vendor :STMicroelectronics X-CUBE-WB05N 1.1.0
2026-08-06 16:37:34,802 [INFO] ThirdParty:1030 - CMSIS Pack Vendor :STMicroelectronics X-CUBE-ISPU 2.1.0
2026-08-06 16:37:34,802 [INFO] ThirdParty:1030 - CMSIS Pack Vendor :STMicroelectronics X-CUBE-IPS 3.2.0
2026-08-06 16:37:34,802 [INFO] ThirdParty:1030 - CMSIS Pack Vendor :STMicroelectronics eDS-WB_DPC_TT-BIDIR 2.1.1
2026-08-06 16:37:34,802 [INFO] ThirdParty:1030 - CMSIS Pack Vendor :STMicroelectronics X-CUBE-ST60 1.0.0
2026-08-06 16:37:34,802 [INFO] ThirdParty:1030 - CMSIS Pack Vendor :STMicroelectronics X-CUBE-NFC12 1.0.0
2026-08-06 16:37:34,802 [INFO] ThirdParty:1030 - CMSIS Pack Vendor :STMicroelectronics X-CUBE-AZRTOS-F7 1.1.0
2026-08-06 16:37:34,802 [INFO] ThirdParty:1030 - CMSIS Pack Vendor :STMicroelectronics X-CUBE-AZRTOS-L5 2.0.0
2026-08-06 16:37:34,802 [INFO] ThirdParty:1030 - CMSIS Pack Vendor :STMicroelectronics USB_DEVICE 2.0.0
2026-08-06 16:37:34,802 [INFO] ThirdParty:1030 - CMSIS Pack Vendor :STMicroelectronics X-CUBE-FREERTOS 1.6.0
2026-08-06 16:37:34,802 [INFO] ThirdParty:1030 - CMSIS Pack Vendor :STMicroelectronics X-CUBE-NFC6 3.1.0
2026-08-06 16:37:34,802 [INFO] ThirdParty:1030 - CMSIS Pack Vendor :STMicroelectronics X-CUBE-ALGOBUILD 1.5.0
2026-08-06 16:37:34,802 [INFO] ThirdParty:1030 - CMSIS Pack Vendor :STMicroelectronics FP-SNS-MOTENV1 5.1.0
2026-08-06 16:37:34,802 [INFO] ThirdParty:1030 - CMSIS Pack Vendor :STMicroelectronics FreeRTOS 0.0.1
2026-08-06 16:37:34,802 [INFO] ThirdParty:1030 - CMSIS Pack Vendor :STMicroelectronics X-CUBE-AZRTOS-H7RS 1.3.0
2026-08-06 16:37:34,802 [INFO] ThirdParty:1030 - CMSIS Pack Vendor :STMicroelectronics eDS-WB_DPC_VIENNA 1.2.0
2026-08-06 16:37:34,802 [INFO] ThirdParty:1030 - CMSIS Pack Vendor :STMicroelectronics X-CUBE-MEMS1 13.0.0
2026-08-06 16:37:34,802 [INFO] ThirdParty:1030 - CMSIS Pack Vendor :STMicroelectronics eDS-WB_DPC_3PH2L-BIDIR 1.1.1
2026-08-06 16:37:34,802 [INFO] ThirdParty:1030 - CMSIS Pack Vendor :Infineon AIROC-Wi-Fi-Bluetooth-STM32 1.7.0
2026-08-06 16:37:34,802 [INFO] ThirdParty:1030 - CMSIS Pack Vendor :STMicroelectronics PDM2PCM 3.3.0
2026-08-06 16:37:34,802 [INFO] ThirdParty:1030 - CMSIS Pack Vendor :STMicroelectronics X-CUBE-AZRTOS-H7 3.4.0
2026-08-06 16:37:34,802 [INFO] ThirdParty:1030 - CMSIS Pack Vendor :STMicroelectronics X-CUBE-DISPLAY 3.0.0
2026-08-06 16:37:34,802 [INFO] ThirdParty:1030 - CMSIS Pack Vendor :STMicroelectronics X-CUBE-GNSS1 7.1.1
2026-08-06 16:37:34,802 [INFO] ThirdParty:1030 - CMSIS Pack Vendor :STMicroelectronics FP-SNS-MOTENVWB1 1.5.0
2026-08-06 16:37:34,802 [INFO] ThirdParty:1030 - CMSIS Pack Vendor :STMicroelectronics X-CUBE-NFC10 1.0.0
2026-08-06 16:37:34,802 [INFO] ThirdParty:1030 - CMSIS Pack Vendor :STMicroelectronics X-CUBE-BLEMGR 4.0.0
2026-08-06 16:37:34,802 [INFO] ThirdParty:1030 - CMSIS Pack Vendor :STMicroelectronics X-CUBE-FREERTOS 1.3.1
2026-08-06 16:37:34,802 [INFO] ThirdParty:1030 - CMSIS Pack Vendor :STMicroelectronics HAL Drivers 0.0.0
2026-08-06 16:37:34,802 [INFO] ThirdParty:1030 - CMSIS Pack Vendor :STMicroelectronics X-CUBE-ST60 1.1.0
2026-08-06 16:37:34,802 [INFO] ThirdParty:1030 - CMSIS Pack Vendor :emotas I-CUBE-CANOPEN 1.3.0
2026-08-06 16:37:34,802 [INFO] ThirdParty:1030 - CMSIS Pack Vendor :STMicroelectronics X-CUBE-FREERTOS 1.3.0
2026-08-06 16:37:34,802 [INFO] ThirdParty:1030 - CMSIS Pack Vendor :STMicroelectronics X-CUBE-NFC7 1.0.1
2026-08-06 16:37:34,802 [INFO] ThirdParty:1030 - CMSIS Pack Vendor :STMicroelectronics MBEDTLS 2.14.1
2026-08-06 16:37:34,802 [INFO] ThirdParty:1030 - CMSIS Pack Vendor :STMicroelectronics X-CUBE-GNSS1 7.1.0
2026-08-06 16:37:34,802 [INFO] ThirdParty:1030 - CMSIS Pack Vendor :STMicroelectronics X-CUBE-TOUCHGFX 4.26.0
2026-08-06 16:37:34,802 [INFO] ThirdParty:1030 - CMSIS Pack Vendor :STMicroelectronics X-CUBE-TOUCHGFX 4.26.1
2026-08-06 16:37:34,802 [INFO] ThirdParty:1030 - CMSIS Pack Vendor :quantropi X-CUBE-qispace-sdk-base 2.0.0
2026-08-06 16:37:34,802 [INFO] ThirdParty:1030 - CMSIS Pack Vendor :STMicroelectronics X-CUBE-AI 10.0.0
2026-08-06 16:37:34,802 [INFO] ThirdParty:1030 - CMSIS Pack Vendor :STMicroelectronics FP-SNS-STBOX1 2.1.0
2026-08-06 16:37:34,802 [INFO] ThirdParty:1030 - CMSIS Pack Vendor :STMicroelectronics FP-SNS-STAIOTCFT 1.0.0
2026-08-06 16:37:34,803 [INFO] ThirdParty:1030 - CMSIS Pack Vendor :STMicroelectronics FP-SNS-SMARTAG2 1.2.0
2026-08-06 16:37:34,803 [INFO] ThirdParty:1030 - CMSIS Pack Vendor :STMicroelectronics FP-SNS-FLIGHT1 5.1.0
2026-08-06 16:37:34,803 [INFO] ThirdParty:1030 - CMSIS Pack Vendor :STMicroelectronics X-CUBE-MEMS1 11.1.0
2026-08-06 16:37:34,803 [INFO] ThirdParty:1030 - CMSIS Pack Vendor :STMicroelectronics X-CUBE-AZRTOS-WL 2.0.0
2026-08-06 16:37:34,803 [INFO] ThirdParty:1030 - CMSIS Pack Vendor :STMicroelectronics X-CUBE-DPower 1.3.0
2026-08-06 16:37:34,803 [INFO] ThirdParty:1030 - CMSIS Pack Vendor :STMicroelectronics FP-SNS-MOTENV1 5.0.0
2026-08-06 16:37:34,803 [INFO] ThirdParty:1030 - CMSIS Pack Vendor :STMicroelectronics USB_DEVICE 1.0.0
2026-08-06 16:37:34,803 [INFO] ThirdParty:1030 - CMSIS Pack Vendor :STMicroelectronics X-CUBE-AZRTOS-H7RS 1.2.0
2026-08-06 16:37:34,803 [INFO] ThirdParty:1030 - CMSIS Pack Vendor :STMicroelectronics X-CUBE-AZRTOS-L4 2.0.0
2026-08-06 16:37:34,803 [INFO] ThirdParty:1030 - CMSIS Pack Vendor :STMicroelectronics ThreadX 0.0.2
2026-08-06 16:37:34,803 [INFO] ThirdParty:1030 - CMSIS Pack Vendor :WES I-CUBE-Cesium 1.3.0
2026-08-06 16:37:34,803 [INFO] ThirdParty:1030 - CMSIS Pack Vendor :STMicroelectronics lwIP 2.1.2
2026-08-06 16:37:34,803 [INFO] ThirdParty:1030 - CMSIS Pack Vendor :STMicroelectronics X-CUBE-SFXS2LP1 4.0.0
2026-08-06 16:37:34,803 [INFO] ThirdParty:1030 - CMSIS Pack Vendor :STMicroelectronics X-CUBE-BLE2 3.3.0
2026-08-06 16:37:34,803 [INFO] ThirdParty:1030 - CMSIS Pack Vendor :Avnet-IOTCONNECT X-CUBE-iotc-st67-sdk 1.0.0
2026-08-06 16:37:34,803 [INFO] ThirdParty:1030 - CMSIS Pack Vendor :STMicroelectronics PDM2PCM 3.2.0
2026-08-06 16:37:34,803 [INFO] ThirdParty:1030 - CMSIS Pack Vendor :STMicroelectronics X-CUBE-WB05N 2.1.0
2026-08-06 16:37:34,803 [INFO] ThirdParty:1030 - CMSIS Pack Vendor :STMicroelectronics X-CUBE-ST67W61 1.2.0
2026-08-06 16:37:34,803 [INFO] ThirdParty:1030 - CMSIS Pack Vendor :STMicroelectronics X-CUBE-AZRTOS-H7 3.3.0
2026-08-06 16:37:34,803 [INFO] ThirdParty:1030 - CMSIS Pack Vendor :STMicroelectronics X-CUBE-NFC9 1.0.0
2026-08-06 16:37:34,803 [INFO] ThirdParty:1030 - CMSIS Pack Vendor :STMicroelectronics X-CUBE-BLE1 7.1.0
2026-08-06 16:37:34,803 [INFO] ThirdParty:1030 - CMSIS Pack Vendor :wolfSSL I-CUBE-wolfMQTT 1.19.2
2026-08-06 16:37:34,803 [INFO] ThirdParty:1030 - CMSIS Pack Vendor :STMicroelectronics USB_DEVICE 3.0.0
2026-08-06 16:37:34,803 [INFO] ThirdParty:1030 - CMSIS Pack Vendor :STMicroelectronics X-CUBE-EEPRMA1 5.2.0
2026-08-06 16:37:34,803 [INFO] ThirdParty:1030 - CMSIS Pack Vendor :STMicroelectronics X-CUBE-BLEMGR 4.1.0
2026-08-06 16:37:34,803 [INFO] ThirdParty:1030 - CMSIS Pack Vendor :STMicroelectronics X-CUBE-AZRTOS-WB 2.0.0
2026-08-06 16:37:34,803 [INFO] ThirdParty:1030 - CMSIS Pack Vendor :STMicroelectronics X-CUBE-GNSS1 7.0.1
2026-08-06 16:37:34,803 [INFO] ThirdParty:1030 - CMSIS Pack Vendor :STMicroelectronics X-CUBE-TOUCHGFX 4.25.0
2026-08-06 16:37:34,803 [INFO] ThirdParty:1030 - CMSIS Pack Vendor :STMicroelectronics FP-SNS-STBOX1 2.0.0
2026-08-06 16:37:34,803 [INFO] ThirdParty:1030 - CMSIS Pack Vendor :STMicroelectronics FP-SNS-STAIOTCFT 1.1.0
2026-08-06 16:37:34,803 [INFO] ThirdParty:1030 - CMSIS Pack Vendor :STMicroelectronics X-CUBE-MEMS1 12.0.0
2026-08-06 16:37:34,803 [INFO] ThirdParty:1030 - CMSIS Pack Vendor :STMicroelectronics X-CUBE-STSE01 2.0.0
2026-08-06 16:37:34,803 [INFO] ThirdParty:1030 - CMSIS Pack Vendor :STMicroelectronics X-CUBE-AZRTOS-G0 1.1.0
2026-08-06 16:37:34,803 [INFO] ThirdParty:1030 - CMSIS Pack Vendor :STMicroelectronics X-CUBE-SAFEA1 1.2.2
2026-08-06 16:37:34,803 [INFO] ThirdParty:1030 - CMSIS Pack Vendor :STMicroelectronics X-CUBE-NFC4 3.0.0
2026-08-06 16:37:34,803 [INFO] ThirdParty:1030 - CMSIS Pack Vendor :STMicroelectronics X-CUBE-SUBG2 5.0.0
2026-08-06 16:37:34,803 [INFO] ThirdParty:1030 - CMSIS Pack Vendor :STMicroelectronics X-CUBE-AZRTOS-H7RS 1.1.0
2026-08-06 16:37:34,803 [INFO] ThirdParty:1030 - CMSIS Pack Vendor :STMicroelectronics STM32_WPAN 1.0.0
2026-08-06 16:37:34,803 [INFO] ThirdParty:1030 - CMSIS Pack Vendor :EmbeddedOffice I-CUBE-FS-RTOS 1.0.1
2026-08-06 16:37:34,803 [INFO] ThirdParty:1030 - CMSIS Pack Vendor :STMicroelectronics lwIP 2.0.3
2026-08-06 16:37:34,803 [INFO] ThirdParty:1030 - CMSIS Pack Vendor :Cesanta I-CUBE-Mongoose 7.13.0
2026-08-06 16:37:34,803 [INFO] ThirdParty:1030 - CMSIS Pack Vendor :STMicroelectronics USB_HOST 1.0.0
2026-08-06 16:37:34,803 [INFO] ThirdParty:1030 - CMSIS Pack Vendor :STMicroelectronics X-CUBE-AZRTOS-G4 2.0.0
2026-08-06 16:37:34,803 [INFO] ThirdParty:1030 - CMSIS Pack Vendor :STMicroelectronics X-CUBE-WB05N 2.0.0
2026-08-06 16:37:34,803 [INFO] ThirdParty:1030 - CMSIS Pack Vendor :STMicroelectronics PDM2PCM 3.1.0
2026-08-06 16:37:34,803 [INFO] ThirdParty:1030 - CMSIS Pack Vendor :wolfSSL I-CUBE-wolfTPM 3.8.0
2026-08-06 16:37:34,803 [INFO] ThirdParty:1030 - CMSIS Pack Vendor :wolfSSL I-CUBE-wolfSSH 1.4.20
2026-08-06 16:37:34,803 [INFO] ThirdParty:1030 - CMSIS Pack Vendor :STMicroelectronics X-CUBE-NFC7 2.0.0
2026-08-06 16:37:34,803 [INFO] ThirdParty:1030 - CMSIS Pack Vendor :STMicroelectronics X-CUBE-TCPP 4.2.0
2026-08-06 16:37:34,803 [INFO] ThirdParty:1030 - CMSIS Pack Vendor :RealThread X-CUBE-RT-Thread_Nano 4.1.1
2026-08-06 16:37:34,803 [INFO] ThirdParty:1030 - CMSIS Pack Vendor :STMicroelectronics FP-ATR-SIGFOX1 3.2.0
2026-08-06 16:37:34,803 [INFO] ThirdParty:1030 - CMSIS Pack Vendor :STMicroelectronics X-CUBE-EEPRMA1 5.1.0
2026-08-06 16:37:34,803 [INFO] ThirdParty:1030 - CMSIS Pack Vendor :STMicroelectronics X-CUBE-FREERTOS 1.5.0
2026-08-06 16:37:34,803 [INFO] ThirdParty:1030 - CMSIS Pack Vendor :STMicroelectronics MBEDTLS 2.16.2
2026-08-06 16:37:34,803 [INFO] ThirdParty:1030 - CMSIS Pack Vendor :STMicroelectronics X-CUBE-IPS 3.1.0
2026-08-06 16:37:34,803 [INFO] ThirdParty:1030 - CMSIS Pack Vendor :STMicroelectronics X-CUBE-ALS 1.0.2
2026-08-06 16:37:34,803 [INFO] ThirdParty:1030 - CMSIS Pack Vendor :wolfSSL I-CUBE-wolfSSL 5.7.6
2026-08-06 16:37:34,803 [INFO] ThirdParty:1030 - CMSIS Pack Vendor :ITTIA_DB I-CUBE-ITTIADB 8.9.0
2026-08-06 16:37:34,803 [INFO] ThirdParty:1030 - CMSIS Pack Vendor :STMicroelectronics X-CUBE-STSE01 1.0.0
2026-08-06 16:37:34,803 [INFO] ThirdParty:1030 - CMSIS Pack Vendor :portGmbH I-Cube-SoM-uGOAL 1.1.0
2026-08-06 16:37:34,803 [INFO] ThirdParty:1030 - CMSIS Pack Vendor :STMicroelectronics X-CUBE-NFC6 3.2.0
2026-08-06 16:37:34,803 [INFO] ThirdParty:1030 - CMSIS Pack Vendor :STMicroelectronics X-CUBE-ST67W61 1.0.0
2026-08-06 16:37:34,803 [INFO] ThirdParty:1030 - CMSIS Pack Vendor :STMicroelectronics X-CUBE-AI 10.2.1
2026-08-06 16:37:34,804 [INFO] ThirdParty:1030 - CMSIS Pack Vendor :STMicroelectronics X-CUBE-AI 10.2.0
2026-08-06 16:37:34,804 [INFO] ThirdParty:1030 - CMSIS Pack Vendor :STMicroelectronics ThreadX 1.0.0
2026-08-06 16:37:34,804 [INFO] ThirdParty:1030 - CMSIS Pack Vendor :STMicroelectronics X-CUBE-MEMS1 12.1.0
2026-08-06 16:37:34,804 [INFO] ThirdParty:1030 - CMSIS Pack Vendor :SEGGER I-CUBE-embOS 1.3.1
2026-08-06 16:37:34,804 [INFO] ThirdParty:1030 - CMSIS Pack Vendor :STMicroelectronics X-CUBE-ALGOBUILD 1.4.0
2026-08-06 16:37:34,804 [INFO] ThirdParty:1030 - CMSIS Pack Vendor :STMicroelectronics X-CUBE-MEMS1 11.3.0
2026-08-06 16:37:34,804 [INFO] ThirdParty:1030 - CMSIS Pack Vendor :STMicroelectronics X-CUBE-TOF1 3.4.2
2026-08-06 16:37:34,804 [INFO] ThirdParty:1030 - CMSIS Pack Vendor :STMicroelectronics X-CUBE-TOF1 3.4.3
2026-08-06 16:37:34,804 [INFO] ThirdParty:1030 - CMSIS Pack Vendor :STMicroelectronics X-CUBE-NFC13 1.0.0
2026-08-06 16:37:34,804 [INFO] ThirdParty:841 - exiting critical section [change project]
2026-08-06 16:37:35,006 [INFO] PinOutPanel:1589 - setPackage(No Configuration,No Configuration)
2026-08-06 16:37:35,007 [INFO] PinOutPanel:1589 - setPackage(STM32F411RETx,LQFP64)
2026-08-06 16:37:35,256 [INFO] UtilMem:75 - Before build in PCC Used Memory: 469627528 Bytes (597688320)
2026-08-06 16:37:35,536 [INFO] UtilMem:75 - After build in PCC Used Memory: 513431312 Bytes (597688320)
2026-08-06 16:37:35,543 [INFO] ApiDbMcu:532 - Load IP Config File for FREERTOS
2026-08-06 16:37:35,566 [INFO] IPUIPlugin:80 - create IPUIPlugin
2026-08-06 16:37:35,566 [INFO] IPUIPlugin:80 - create IPUIPlugin
2026-08-06 16:37:35,566 [INFO] IPUIPlugin:80 - create IPUIPlugin
2026-08-06 16:37:35,567 [INFO] IPUIPlugin:80 - create IPUIPlugin
2026-08-06 16:37:35,567 [INFO] IPUIPlugin:80 - create IPUIPlugin
2026-08-06 16:37:35,567 [INFO] IPUIPlugin:80 - create IPUIPlugin
2026-08-06 16:37:35,567 [INFO] IPUIPlugin:80 - create IPUIPlugin
2026-08-06 16:37:35,567 [INFO] IPUIPlugin:80 - create IPUIPlugin
2026-08-06 16:37:35,567 [INFO] IPUIPlugin:80 - create IPUIPlugin
2026-08-06 16:37:35,567 [INFO] IPUIPlugin:80 - create IPUIPlugin
2026-08-06 16:37:35,567 [INFO] IPUIPlugin:80 - create IPUIPlugin
2026-08-06 16:37:35,567 [INFO] IPUIPlugin:80 - create IPUIPlugin
2026-08-06 16:37:35,567 [INFO] IPUIPlugin:80 - create IPUIPlugin
2026-08-06 16:37:35,567 [INFO] IPUIPlugin:80 - create IPUIPlugin
2026-08-06 16:37:35,567 [INFO] IPUIPlugin:80 - create IPUIPlugin
2026-08-06 16:37:35,568 [INFO] IPUIPlugin:80 - create IPUIPlugin
2026-08-06 16:37:35,568 [INFO] IPUIPlugin:80 - create IPUIPlugin
2026-08-06 16:37:35,568 [INFO] IPUIPlugin:80 - create IPUIPlugin
2026-08-06 16:37:35,568 [INFO] IPUIPlugin:80 - create IPUIPlugin
2026-08-06 16:37:35,569 [INFO] IPUIPlugin:80 - create IPUIPlugin
2026-08-06 16:37:35,569 [INFO] IPUIPlugin:80 - create IPUIPlugin
2026-08-06 16:37:35,569 [INFO] IPUIPlugin:80 - create IPUIPlugin
2026-08-06 16:37:35,569 [INFO] IPUIPlugin:80 - create IPUIPlugin
2026-08-06 16:37:35,569 [INFO] IPUIPlugin:80 - create IPUIPlugin
2026-08-06 16:37:35,570 [INFO] IPUIPlugin:80 - create IPUIPlugin
2026-08-06 16:37:35,570 [INFO] IPUIPlugin:80 - create IPUIPlugin
2026-08-06 16:37:35,570 [INFO] IPUIPlugin:80 - create IPUIPlugin
2026-08-06 16:37:35,570 [INFO] IPUIPlugin:80 - create IPUIPlugin
2026-08-06 16:37:35,570 [INFO] IPUIPlugin:80 - create IPUIPlugin
2026-08-06 16:37:35,570 [INFO] IPUIPlugin:80 - create IPUIPlugin
2026-08-06 16:37:35,571 [INFO] IPUIPlugin:80 - create IPUIPlugin
2026-08-06 16:37:35,571 [INFO] IPUIPlugin:80 - create IPUIPlugin
2026-08-06 16:37:35,571 [INFO] IPUIPlugin:80 - create IPUIPlugin
2026-08-06 16:37:35,571 [INFO] IPUIPlugin:80 - create IPUIPlugin
2026-08-06 16:37:35,571 [INFO] IPUIPlugin:80 - create IPUIPlugin
2026-08-06 16:37:35,571 [INFO] IPUIPlugin:80 - create IPUIPlugin
2026-08-06 16:37:35,571 [INFO] IPUIPlugin:80 - create IPUIPlugin
2026-08-06 16:37:35,571 [INFO] IPUIPlugin:80 - create IPUIPlugin
2026-08-06 16:37:35,572 [INFO] IPUIPlugin:80 - create IPUIPlugin
2026-08-06 16:37:35,572 [INFO] IPUIPlugin:80 - create IPUIPlugin
2026-08-06 16:37:35,572 [INFO] IPUIPlugin:80 - create IPUIPlugin
2026-08-06 16:37:35,572 [INFO] IPUIPlugin:80 - create IPUIPlugin
2026-08-06 16:37:35,572 [INFO] IPUIPlugin:80 - create IPUIPlugin
2026-08-06 16:37:35,580 [INFO] ApiDbMcu:532 - Load IP Config File for PDM2PCM
2026-08-06 16:37:35,607 [WARN] FreeRTOS:1023 - Null or empty value: should not occur! (nothing added to the table)
2026-08-06 16:37:35,656 [INFO] CADModel:165 - CPN selected for project levelSTM32F411RET6
2026-08-06 16:37:35,656 [INFO] CADModel:114 - Register for checkConnection events
2026-08-06 16:37:35,657 [INFO] RtosManager:728 - Active RTOS found at IOC load: FREERTOS [Cortex-M4NS]
2026-08-06 16:37:35,730 [INFO] OpenFileManager:386 - Restore cursor
2026-08-06 16:37:54,596 [INFO] NvicIntPanel:101 - NVIC parent = com.st.microxplorer.plugins.ip.nvic.MultiNvicIntPanel[,0,0,0x0,invalid,layout=javax.swing.BoxLayout,alignmentX=0.0,alignmentY=0.0,border=,flags=9,maximumSize=,minimumSize=,preferredSize=]
2026-08-06 16:38:23,317 [INFO] NvicIntPanel:101 - NVIC parent = com.st.microxplorer.plugins.ip.nvic.MultiNvicIntPanel[,0,0,0x0,invalid,layout=javax.swing.BoxLayout,alignmentX=0.0,alignmentY=0.0,border=,flags=9,maximumSize=,minimumSize=,preferredSize=]
2026-08-06 16:38:24,548 [INFO] UtilMem:75 - End SaveConfig() Used Memory: 382942800 Bytes (597688320)
2026-08-06 16:38:24,624 [INFO] UtilMem:75 - End SaveConfig() Used Memory: 399193680 Bytes (597688320)
2026-08-06 16:38:25,092 [INFO] UtilMem:75 - End SaveConfig() Used Memory: 428031568 Bytes (597688320)
2026-08-06 16:38:25,398 [INFO] BlockDiagram:2775 - set Specific Code input for plugin: SPI
2026-08-06 16:38:25,398 [INFO] BlockDiagram:2775 - set Specific Code input for plugin: NVIC
2026-08-06 16:38:25,398 [INFO] BlockDiagram:2775 - set Specific Code input for plugin: FREERTOS
2026-08-06 16:38:25,398 [INFO] BlockDiagram:2775 - set Specific Code input for plugin: TIM1_8
2026-08-06 16:38:25,398 [INFO] BlockDiagram:2775 - set Specific Code input for plugin: TIM1_8
2026-08-06 16:38:25,398 [INFO] BlockDiagram:2775 - set Specific Code input for plugin: SYS
2026-08-06 16:38:25,398 [INFO] BlockDiagram:2775 - set Specific Code input for plugin: GPIO
2026-08-06 16:38:25,398 [INFO] BlockDiagram:2775 - set Specific Code input for plugin: RCC
2026-08-06 16:38:25,400 [INFO] CodeGenerator:892 - code generatio: config db path: C:\ST\STM32CubeIDE_1.19.0\STM32CubeIDE\plugins\com.st.stm32cube.common.mx_6.15.0.202507011659\\db\
2026-08-06 16:38:25,507 [INFO] CodeEngine:265 - oldGeneratedFile, C:\Github\projectHUD\projectHUD\MXTmpFiles\license.tmp_save
2026-08-06 16:38:25,786 [INFO] CodeEngine:289 - Generated code: C:\Github\projectHUD\projectHUD\MXTmpFiles\license.tmp
2026-08-06 16:38:25,826 [INFO] CodeEngine:265 - oldGeneratedFile, C:\Github\projectHUD\projectHUD\MXTmpFiles\gpio.tmp_save
2026-08-06 16:38:26,019 [INFO] CodeEngine:289 - Generated code: C:\Github\projectHUD\projectHUD\MXTmpFiles\gpio.tmp
2026-08-06 16:38:26,151 [INFO] Middleware:1452 - No code input for Bsp Dependency
2026-08-06 16:38:26,158 [INFO] CodeEngine:265 - oldGeneratedFile, C:\Github\projectHUD\projectHUD\MXTmpFiles\rtos_inc.tmp_save
2026-08-06 16:38:26,247 [INFO] CodeEngine:289 - Generated code: C:\Github\projectHUD\projectHUD\MXTmpFiles\rtos_inc.tmp
2026-08-06 16:38:26,251 [INFO] CodeEngine:265 - oldGeneratedFile, C:\Github\projectHUD\projectHUD\MXTmpFiles\rtos_kernelInit.tmp_save
2026-08-06 16:38:26,347 [INFO] CodeEngine:289 - Generated code: C:\Github\projectHUD\projectHUD\MXTmpFiles\rtos_kernelInit.tmp
2026-08-06 16:38:26,354 [INFO] CodeEngine:265 - oldGeneratedFile, C:\Github\projectHUD\projectHUD\MXTmpFiles\rtos_kernelStart.tmp_save
2026-08-06 16:38:26,430 [INFO] CodeEngine:289 - Generated code: C:\Github\projectHUD\projectHUD\MXTmpFiles\rtos_kernelStart.tmp
2026-08-06 16:38:26,434 [INFO] CodeEngine:265 - oldGeneratedFile, C:\Github\projectHUD\projectHUD\MXTmpFiles\rtos_typedefs.tmp_save
2026-08-06 16:38:26,498 [INFO] CodeEngine:289 - Generated code: C:\Github\projectHUD\projectHUD\MXTmpFiles\rtos_typedefs.tmp
2026-08-06 16:38:26,504 [INFO] CodeEngine:265 - oldGeneratedFile, C:\Github\projectHUD\projectHUD\MXTmpFiles\rtos_vars.tmp_save
2026-08-06 16:38:26,578 [INFO] CodeEngine:289 - Generated code: C:\Github\projectHUD\projectHUD\MXTmpFiles\rtos_vars.tmp
2026-08-06 16:38:26,583 [INFO] CodeEngine:265 - oldGeneratedFile, C:\Github\projectHUD\projectHUD\MXTmpFiles\rtos_pfp.tmp_save
2026-08-06 16:38:26,645 [INFO] CodeEngine:289 - Generated code: C:\Github\projectHUD\projectHUD\MXTmpFiles\rtos_pfp.tmp
2026-08-06 16:38:26,650 [INFO] CodeEngine:265 - oldGeneratedFile, C:\Github\projectHUD\projectHUD\MXTmpFiles\rtos_obj_creat.tmp_save
2026-08-06 16:38:26,711 [INFO] CodeEngine:289 - Generated code: C:\Github\projectHUD\projectHUD\MXTmpFiles\rtos_obj_creat.tmp
2026-08-06 16:38:26,716 [INFO] CodeEngine:265 - oldGeneratedFile, C:\Github\projectHUD\projectHUD\MXTmpFiles\rtos_default_thread.tmp_save
2026-08-06 16:38:26,787 [INFO] CodeEngine:289 - Generated code: C:\Github\projectHUD\projectHUD\MXTmpFiles\rtos_default_thread.tmp
2026-08-06 16:38:26,793 [INFO] CodeEngine:265 - oldGeneratedFile, C:\Github\projectHUD\projectHUD\MXTmpFiles\rtos_threads.tmp_save
2026-08-06 16:38:26,854 [INFO] CodeEngine:289 - Generated code: C:\Github\projectHUD\projectHUD\MXTmpFiles\rtos_threads.tmp
2026-08-06 16:38:26,870 [INFO] Middleware:1452 - No code input for Bsp Dependency
2026-08-06 16:38:26,879 [INFO] CodeEngine:265 - oldGeneratedFile, C:\Github\projectHUD\projectHUD\MXTmpFiles\rtos_inc.tmp_save
2026-08-06 16:38:26,936 [INFO] CodeEngine:289 - Generated code: C:\Github\projectHUD\projectHUD\MXTmpFiles\rtos_inc.tmp
2026-08-06 16:38:26,941 [INFO] CodeEngine:265 - oldGeneratedFile, C:\Github\projectHUD\projectHUD\MXTmpFiles\rtos_kernelInit.tmp_save
2026-08-06 16:38:26,994 [INFO] CodeEngine:289 - Generated code: C:\Github\projectHUD\projectHUD\MXTmpFiles\rtos_kernelInit.tmp
2026-08-06 16:38:27,000 [INFO] CodeEngine:265 - oldGeneratedFile, C:\Github\projectHUD\projectHUD\MXTmpFiles\rtos_kernelStart.tmp_save
2026-08-06 16:38:27,057 [INFO] CodeEngine:289 - Generated code: C:\Github\projectHUD\projectHUD\MXTmpFiles\rtos_kernelStart.tmp
2026-08-06 16:38:27,063 [INFO] CodeEngine:265 - oldGeneratedFile, C:\Github\projectHUD\projectHUD\MXTmpFiles\rtos_typedefs.tmp_save
2026-08-06 16:38:27,117 [INFO] CodeEngine:289 - Generated code: C:\Github\projectHUD\projectHUD\MXTmpFiles\rtos_typedefs.tmp
2026-08-06 16:38:27,122 [INFO] CodeEngine:265 - oldGeneratedFile, C:\Github\projectHUD\projectHUD\MXTmpFiles\rtos_vars.tmp_save
2026-08-06 16:38:27,185 [INFO] CodeEngine:289 - Generated code: C:\Github\projectHUD\projectHUD\MXTmpFiles\rtos_vars.tmp
2026-08-06 16:38:27,191 [INFO] CodeEngine:265 - oldGeneratedFile, C:\Github\projectHUD\projectHUD\MXTmpFiles\rtos_pfp.tmp_save
2026-08-06 16:38:27,238 [INFO] CodeEngine:289 - Generated code: C:\Github\projectHUD\projectHUD\MXTmpFiles\rtos_pfp.tmp
2026-08-06 16:38:27,244 [INFO] CodeEngine:265 - oldGeneratedFile, C:\Github\projectHUD\projectHUD\MXTmpFiles\rtos_obj_creat.tmp_save
2026-08-06 16:38:27,295 [INFO] CodeEngine:289 - Generated code: C:\Github\projectHUD\projectHUD\MXTmpFiles\rtos_obj_creat.tmp
2026-08-06 16:38:27,301 [INFO] CodeEngine:265 - oldGeneratedFile, C:\Github\projectHUD\projectHUD\MXTmpFiles\rtos_default_thread.tmp_save
2026-08-06 16:38:27,348 [INFO] CodeEngine:289 - Generated code: C:\Github\projectHUD\projectHUD\MXTmpFiles\rtos_default_thread.tmp
2026-08-06 16:38:27,354 [INFO] CodeEngine:265 - oldGeneratedFile, C:\Github\projectHUD\projectHUD\MXTmpFiles\rtos_threads.tmp_save
2026-08-06 16:38:27,419 [INFO] CodeEngine:289 - Generated code: C:\Github\projectHUD\projectHUD\MXTmpFiles\rtos_threads.tmp
2026-08-06 16:38:27,424 [INFO] CodeEngine:265 - oldGeneratedFile, C:\Github\projectHUD\projectHUD\Core\Inc\FreeRTOSConfig.h_save
2026-08-06 16:38:27,494 [INFO] CodeEngine:289 - Generated code: C:\Github\projectHUD\projectHUD\Core\Inc\FreeRTOSConfig.h
2026-08-06 16:38:27,501 [INFO] CodeEngine:265 - oldGeneratedFile, C:\Github\projectHUD\projectHUD\Core\Src\freertos.c_save
2026-08-06 16:38:27,555 [INFO] CodeEngine:289 - Generated code: C:\Github\projectHUD\projectHUD\Core\Src\freertos.c
2026-08-06 16:38:27,569 [INFO] CodeEngine:265 - oldGeneratedFile, C:\Github\projectHUD\projectHUD\Core\Src\stm32f4xx_it.c_save
2026-08-06 16:38:27,727 [INFO] CodeEngine:289 - Generated code: C:\Github\projectHUD\projectHUD\Core\Src\stm32f4xx_it.c
2026-08-06 16:38:27,733 [INFO] CodeEngine:265 - oldGeneratedFile, C:\Github\projectHUD\projectHUD\Core\Inc\stm32f4xx_it.h_save
2026-08-06 16:38:27,780 [INFO] CodeEngine:289 - Generated code: C:\Github\projectHUD\projectHUD\Core\Inc\stm32f4xx_it.h
2026-08-06 16:38:27,793 [INFO] CodeEngine:265 - oldGeneratedFile, C:\Github\projectHUD\projectHUD\Core\Src\stm32f4xx_hal_msp.c_save
2026-08-06 16:38:27,890 [INFO] CodeEngine:289 - Generated code: C:\Github\projectHUD\projectHUD\Core\Src\stm32f4xx_hal_msp.c
2026-08-06 16:38:27,896 [INFO] CodeEngine:265 - oldGeneratedFile, C:\Github\projectHUD\projectHUD\MXTmpFiles\system.tmp_save
2026-08-06 16:38:27,945 [INFO] CodeEngine:289 - Generated code: C:\Github\projectHUD\projectHUD\MXTmpFiles\system.tmp
2026-08-06 16:38:27,951 [INFO] CodeEngine:265 - oldGeneratedFile, C:\Github\projectHUD\projectHUD\Core\Src\stm32f4xx_hal_timebase_tim.c_save
2026-08-06 16:38:28,000 [INFO] CodeEngine:289 - Generated code: C:\Github\projectHUD\projectHUD\Core\Src\stm32f4xx_hal_timebase_tim.c
2026-08-06 16:38:28,011 [INFO] CodeEngine:321 - oldGeneratedFile, C:\Github\projectHUD\projectHUD\Core\Inc\stm32f4xx_hal_conf.h_save
2026-08-06 16:38:28,069 [INFO] CodeEngine:345 - Generated code: C:\Github\projectHUD\projectHUD\Core\Inc\stm32f4xx_hal_conf.h
2026-08-06 16:38:28,089 [INFO] ApiDbMcu:532 - Load IP Config File for SPI2
2026-08-06 16:38:28,097 [INFO] ApiDbMcu:532 - Load IP Config File for TIM2
2026-08-06 16:38:28,108 [INFO] ApiDbMcu:532 - Load IP Config File for TIM3
2026-08-06 16:38:28,111 [INFO] ApiDbMcu:532 - Load IP Config File for RCC
2026-08-06 16:38:28,113 [WARN] IPConfigManager:3811 - IP not found : TIM
2026-08-06 16:38:28,114 [WARN] CodeGenerator:4259 - IP not found : null
2026-08-06 16:38:28,123 [INFO] CodeEngine:265 - oldGeneratedFile, C:\Github\projectHUD\projectHUD\Core\Inc\main.h_save
2026-08-06 16:38:28,210 [INFO] CodeEngine:289 - Generated code: C:\Github\projectHUD\projectHUD\Core\Inc\main.h
2026-08-06 16:38:28,218 [INFO] CodeEngine:265 - oldGeneratedFile, C:\Github\projectHUD\projectHUD\Core\Src\main.c_save
2026-08-06 16:38:28,370 [INFO] CodeEngine:289 - Generated code: C:\Github\projectHUD\projectHUD\Core\Src\main.c
2026-08-06 16:38:28,720 [INFO] ProjectBuilder:3606 - Time for Copy HAL[1] : 228mS.
2026-08-06 16:38:28,724 [INFO] ProjectBuilder:5216 - Project Generator version: 4.7.0-B52
2026-08-06 16:38:28,784 [INFO] ConfigFileManager:1595 - The Die is : DIE431
2026-08-06 16:38:28,789 [INFO] ApiDbMcu:532 - Load IP Config File for FATFS
2026-08-06 16:38:28,791 [INFO] ApiDbMcu:532 - Load IP Config File for LIBJPEG
2026-08-06 16:38:28,794 [INFO] ApiDbMcu:532 - Load IP Config File for MBEDTLS
2026-08-06 16:38:28,798 [INFO] ApiDbMcu:532 - Load IP Config File for USB_DEVICE
2026-08-06 16:38:28,801 [INFO] ApiDbMcu:532 - Load IP Config File for USB_HOST
2026-08-06 16:38:29,721 [INFO] ProjectBuilder:5496 - Time for Generating toolchain IDE Files: 997mS.
2026-08-06 16:38:29,722 [INFO] ProjectBuilder:3463 - Time for Copy CMSIS : 1mS.
2026-08-06 16:38:29,729 [INFO] ProjectBuilder:3463 - Time for Copy CMSIS : 0mS.
2026-08-06 17:00:46,529 [INFO] NvicIntPanel:101 - NVIC parent = com.st.microxplorer.plugins.ip.nvic.MultiNvicIntPanel[,0,0,0x0,invalid,layout=javax.swing.BoxLayout,alignmentX=0.0,alignmentY=0.0,border=,flags=9,maximumSize=,minimumSize=,preferredSize=]
2026-08-06 17:00:49,406 [INFO] NvicIntPanel:101 - NVIC parent = com.st.microxplorer.plugins.ip.nvic.MultiNvicIntPanel[,0,0,0x0,invalid,layout=javax.swing.BoxLayout,alignmentX=0.0,alignmentY=0.0,border=,flags=9,maximumSize=,minimumSize=,preferredSize=]
2026-08-06 17:01:09,493 [INFO] UtilMem:75 - End SaveConfig() Used Memory: 360483920 Bytes (673185792)
2026-08-06 17:01:09,628 [INFO] UtilMem:75 - End SaveConfig() Used Memory: 377261136 Bytes (673185792)
2026-08-06 17:01:59,987 [INFO] UtilMem:75 - End SaveConfig() Used Memory: 442272848 Bytes (673185792)
2026-08-06 17:02:00,181 [INFO] BlockDiagram:2775 - set Specific Code input for plugin: SPI
2026-08-06 17:02:00,181 [INFO] BlockDiagram:2775 - set Specific Code input for plugin: NVIC
2026-08-06 17:02:00,181 [INFO] BlockDiagram:2775 - set Specific Code input for plugin: FREERTOS
2026-08-06 17:02:00,181 [INFO] BlockDiagram:2775 - set Specific Code input for plugin: TIM1_8
2026-08-06 17:02:00,181 [INFO] BlockDiagram:2775 - set Specific Code input for plugin: TIM1_8
2026-08-06 17:02:00,181 [INFO] BlockDiagram:2775 - set Specific Code input for plugin: SYS
2026-08-06 17:02:00,182 [INFO] BlockDiagram:2775 - set Specific Code input for plugin: GPIO
2026-08-06 17:02:00,182 [INFO] BlockDiagram:2775 - set Specific Code input for plugin: RCC
2026-08-06 17:02:00,183 [INFO] CodeGenerator:892 - code generatio: config db path: C:\ST\STM32CubeIDE_1.19.0\STM32CubeIDE\plugins\com.st.stm32cube.common.mx_6.15.0.202507011659\\db\
2026-08-06 17:02:00,284 [INFO] CodeEngine:265 - oldGeneratedFile, C:\Github\projectHUD\projectHUD\MXTmpFiles\license.tmp_save
2026-08-06 17:02:00,636 [INFO] CodeEngine:289 - Generated code: C:\Github\projectHUD\projectHUD\MXTmpFiles\license.tmp
2026-08-06 17:02:00,673 [INFO] CodeEngine:265 - oldGeneratedFile, C:\Github\projectHUD\projectHUD\MXTmpFiles\gpio.tmp_save
2026-08-06 17:02:00,865 [INFO] CodeEngine:289 - Generated code: C:\Github\projectHUD\projectHUD\MXTmpFiles\gpio.tmp
2026-08-06 17:02:01,141 [INFO] Middleware:1452 - No code input for Bsp Dependency
2026-08-06 17:02:01,149 [INFO] CodeEngine:265 - oldGeneratedFile, C:\Github\projectHUD\projectHUD\MXTmpFiles\rtos_inc.tmp_save
2026-08-06 17:02:01,259 [INFO] CodeEngine:289 - Generated code: C:\Github\projectHUD\projectHUD\MXTmpFiles\rtos_inc.tmp
2026-08-06 17:02:01,264 [INFO] CodeEngine:265 - oldGeneratedFile, C:\Github\projectHUD\projectHUD\MXTmpFiles\rtos_kernelInit.tmp_save
2026-08-06 17:02:01,396 [INFO] CodeEngine:289 - Generated code: C:\Github\projectHUD\projectHUD\MXTmpFiles\rtos_kernelInit.tmp
2026-08-06 17:02:01,402 [INFO] CodeEngine:265 - oldGeneratedFile, C:\Github\projectHUD\projectHUD\MXTmpFiles\rtos_kernelStart.tmp_save
2026-08-06 17:02:01,529 [INFO] CodeEngine:289 - Generated code: C:\Github\projectHUD\projectHUD\MXTmpFiles\rtos_kernelStart.tmp
2026-08-06 17:02:01,535 [INFO] CodeEngine:265 - oldGeneratedFile, C:\Github\projectHUD\projectHUD\MXTmpFiles\rtos_typedefs.tmp_save
2026-08-06 17:02:01,654 [INFO] CodeEngine:289 - Generated code: C:\Github\projectHUD\projectHUD\MXTmpFiles\rtos_typedefs.tmp
2026-08-06 17:02:01,660 [INFO] CodeEngine:265 - oldGeneratedFile, C:\Github\projectHUD\projectHUD\MXTmpFiles\rtos_vars.tmp_save
2026-08-06 17:02:01,783 [INFO] CodeEngine:289 - Generated code: C:\Github\projectHUD\projectHUD\MXTmpFiles\rtos_vars.tmp
2026-08-06 17:02:01,788 [INFO] CodeEngine:265 - oldGeneratedFile, C:\Github\projectHUD\projectHUD\MXTmpFiles\rtos_pfp.tmp_save
2026-08-06 17:02:01,888 [INFO] CodeEngine:289 - Generated code: C:\Github\projectHUD\projectHUD\MXTmpFiles\rtos_pfp.tmp
2026-08-06 17:02:01,894 [INFO] CodeEngine:265 - oldGeneratedFile, C:\Github\projectHUD\projectHUD\MXTmpFiles\rtos_obj_creat.tmp_save
2026-08-06 17:02:01,984 [INFO] CodeEngine:289 - Generated code: C:\Github\projectHUD\projectHUD\MXTmpFiles\rtos_obj_creat.tmp
2026-08-06 17:02:01,989 [INFO] CodeEngine:265 - oldGeneratedFile, C:\Github\projectHUD\projectHUD\MXTmpFiles\rtos_default_thread.tmp_save
2026-08-06 17:02:02,067 [INFO] CodeEngine:289 - Generated code: C:\Github\projectHUD\projectHUD\MXTmpFiles\rtos_default_thread.tmp
2026-08-06 17:02:02,072 [INFO] CodeEngine:265 - oldGeneratedFile, C:\Github\projectHUD\projectHUD\MXTmpFiles\rtos_threads.tmp_save
2026-08-06 17:02:02,152 [INFO] CodeEngine:289 - Generated code: C:\Github\projectHUD\projectHUD\MXTmpFiles\rtos_threads.tmp
2026-08-06 17:02:02,172 [INFO] Middleware:1452 - No code input for Bsp Dependency
2026-08-06 17:02:02,181 [INFO] CodeEngine:265 - oldGeneratedFile, C:\Github\projectHUD\projectHUD\MXTmpFiles\rtos_inc.tmp_save
2026-08-06 17:02:02,266 [INFO] CodeEngine:289 - Generated code: C:\Github\projectHUD\projectHUD\MXTmpFiles\rtos_inc.tmp
2026-08-06 17:02:02,273 [INFO] CodeEngine:265 - oldGeneratedFile, C:\Github\projectHUD\projectHUD\MXTmpFiles\rtos_kernelInit.tmp_save
2026-08-06 17:02:02,342 [INFO] CodeEngine:289 - Generated code: C:\Github\projectHUD\projectHUD\MXTmpFiles\rtos_kernelInit.tmp
2026-08-06 17:02:02,349 [INFO] CodeEngine:265 - oldGeneratedFile, C:\Github\projectHUD\projectHUD\MXTmpFiles\rtos_kernelStart.tmp_save
2026-08-06 17:02:02,419 [INFO] CodeEngine:289 - Generated code: C:\Github\projectHUD\projectHUD\MXTmpFiles\rtos_kernelStart.tmp
2026-08-06 17:02:02,427 [INFO] CodeEngine:265 - oldGeneratedFile, C:\Github\projectHUD\projectHUD\MXTmpFiles\rtos_typedefs.tmp_save
2026-08-06 17:02:02,487 [INFO] CodeEngine:289 - Generated code: C:\Github\projectHUD\projectHUD\MXTmpFiles\rtos_typedefs.tmp
2026-08-06 17:02:02,495 [INFO] CodeEngine:265 - oldGeneratedFile, C:\Github\projectHUD\projectHUD\MXTmpFiles\rtos_vars.tmp_save
2026-08-06 17:02:02,571 [INFO] CodeEngine:289 - Generated code: C:\Github\projectHUD\projectHUD\MXTmpFiles\rtos_vars.tmp
2026-08-06 17:02:02,578 [INFO] CodeEngine:265 - oldGeneratedFile, C:\Github\projectHUD\projectHUD\MXTmpFiles\rtos_pfp.tmp_save
2026-08-06 17:02:02,640 [INFO] CodeEngine:289 - Generated code: C:\Github\projectHUD\projectHUD\MXTmpFiles\rtos_pfp.tmp
2026-08-06 17:02:02,647 [INFO] CodeEngine:265 - oldGeneratedFile, C:\Github\projectHUD\projectHUD\MXTmpFiles\rtos_obj_creat.tmp_save
2026-08-06 17:02:02,715 [INFO] CodeEngine:289 - Generated code: C:\Github\projectHUD\projectHUD\MXTmpFiles\rtos_obj_creat.tmp
2026-08-06 17:02:02,722 [INFO] CodeEngine:265 - oldGeneratedFile, C:\Github\projectHUD\projectHUD\MXTmpFiles\rtos_default_thread.tmp_save
2026-08-06 17:02:02,788 [INFO] CodeEngine:289 - Generated code: C:\Github\projectHUD\projectHUD\MXTmpFiles\rtos_default_thread.tmp
2026-08-06 17:02:02,795 [INFO] CodeEngine:265 - oldGeneratedFile, C:\Github\projectHUD\projectHUD\MXTmpFiles\rtos_threads.tmp_save
2026-08-06 17:02:02,854 [INFO] CodeEngine:289 - Generated code: C:\Github\projectHUD\projectHUD\MXTmpFiles\rtos_threads.tmp
2026-08-06 17:02:02,861 [INFO] CodeEngine:265 - oldGeneratedFile, C:\Github\projectHUD\projectHUD\Core\Inc\FreeRTOSConfig.h_save
2026-08-06 17:02:02,941 [INFO] CodeEngine:289 - Generated code: C:\Github\projectHUD\projectHUD\Core\Inc\FreeRTOSConfig.h
2026-08-06 17:02:02,947 [INFO] CodeEngine:265 - oldGeneratedFile, C:\Github\projectHUD\projectHUD\Core\Src\freertos.c_save
2026-08-06 17:02:03,022 [INFO] CodeEngine:289 - Generated code: C:\Github\projectHUD\projectHUD\Core\Src\freertos.c
2026-08-06 17:02:03,043 [INFO] CodeEngine:265 - oldGeneratedFile, C:\Github\projectHUD\projectHUD\Core\Src\stm32f4xx_it.c_save
2026-08-06 17:02:03,129 [INFO] CodeEngine:289 - Generated code: C:\Github\projectHUD\projectHUD\Core\Src\stm32f4xx_it.c
2026-08-06 17:02:03,136 [INFO] CodeEngine:265 - oldGeneratedFile, C:\Github\projectHUD\projectHUD\Core\Inc\stm32f4xx_it.h_save
2026-08-06 17:02:03,197 [INFO] CodeEngine:289 - Generated code: C:\Github\projectHUD\projectHUD\Core\Inc\stm32f4xx_it.h
2026-08-06 17:02:03,213 [INFO] CodeEngine:265 - oldGeneratedFile, C:\Github\projectHUD\projectHUD\Core\Src\stm32f4xx_hal_msp.c_save
2026-08-06 17:02:03,315 [INFO] CodeEngine:289 - Generated code: C:\Github\projectHUD\projectHUD\Core\Src\stm32f4xx_hal_msp.c
2026-08-06 17:02:03,320 [INFO] CodeEngine:265 - oldGeneratedFile, C:\Github\projectHUD\projectHUD\MXTmpFiles\system.tmp_save
2026-08-06 17:02:03,375 [INFO] CodeEngine:289 - Generated code: C:\Github\projectHUD\projectHUD\MXTmpFiles\system.tmp
2026-08-06 17:02:03,382 [INFO] CodeEngine:265 - oldGeneratedFile, C:\Github\projectHUD\projectHUD\Core\Src\stm32f4xx_hal_timebase_tim.c_save
2026-08-06 17:02:03,444 [INFO] CodeEngine:289 - Generated code: C:\Github\projectHUD\projectHUD\Core\Src\stm32f4xx_hal_timebase_tim.c
2026-08-06 17:02:03,455 [INFO] CodeEngine:321 - oldGeneratedFile, C:\Github\projectHUD\projectHUD\Core\Inc\stm32f4xx_hal_conf.h_save
2026-08-06 17:02:03,528 [INFO] CodeEngine:345 - Generated code: C:\Github\projectHUD\projectHUD\Core\Inc\stm32f4xx_hal_conf.h
2026-08-06 17:02:03,553 [WARN] IPConfigManager:3811 - IP not found : TIM
2026-08-06 17:02:03,553 [WARN] CodeGenerator:4259 - IP not found : null
2026-08-06 17:02:03,561 [INFO] CodeEngine:265 - oldGeneratedFile, C:\Github\projectHUD\projectHUD\Core\Inc\main.h_save
2026-08-06 17:02:03,636 [INFO] CodeEngine:289 - Generated code: C:\Github\projectHUD\projectHUD\Core\Inc\main.h
2026-08-06 17:02:03,644 [INFO] CodeEngine:265 - oldGeneratedFile, C:\Github\projectHUD\projectHUD\Core\Src\main.c_save
2026-08-06 17:02:03,808 [INFO] CodeEngine:289 - Generated code: C:\Github\projectHUD\projectHUD\Core\Src\main.c
2026-08-06 17:02:04,237 [INFO] ProjectBuilder:3606 - Time for Copy HAL[1] : 228mS.
2026-08-06 17:02:04,240 [INFO] ProjectBuilder:5216 - Project Generator version: 4.7.0-B52
2026-08-06 17:02:04,300 [INFO] ConfigFileManager:1595 - The Die is : DIE431
2026-08-06 17:02:05,112 [INFO] ProjectBuilder:5496 - Time for Generating toolchain IDE Files: 872mS.
2026-08-06 17:02:05,113 [INFO] ProjectBuilder:3463 - Time for Copy CMSIS : 1mS.
2026-08-06 17:02:05,120 [INFO] ProjectBuilder:3463 - Time for Copy CMSIS : 0mS.
2026-08-06 18:45:46,132 [INFO] WebApp:194 - Connection lost
2026-08-06 18:47:31,740 [ERROR] ConfigurationRetriever:142 - IOException on connection: sw-center.st.com
2026-08-06 18:47:31,742 [ERROR] ConfigurationRetriever:142 - IOException on connection: sw-center.st.com
2026-08-06 18:47:31,743 [ERROR] ConfigurationRetriever:142 - IOException on connection: sw-center.st.com
2026-08-06 18:47:31,996 [ERROR] ConfigurationRetriever:142 - IOException on connection: sw-center.st.com
2026-08-06 18:47:31,997 [ERROR] ConfigurationRetriever:142 - IOException on connection: sw-center.st.com
2026-08-06 18:47:31,998 [ERROR] ConfigurationRetriever:142 - IOException on connection: sw-center.st.com
2026-08-06 21:50:53,561 [INFO] WebApp:191 - Connection restablished
2026-08-06 21:50:55,567 [INFO] WebApp:194 - Connection lost
2026-08-06 21:50:55,661 [INFO] WebApp:191 - Connection restablished
2026-08-06 21:50:58,713 [INFO] WebApp:194 - Connection lost
2026-08-06 21:50:58,859 [INFO] WebApp:191 - Connection restablished
2026-08-06 21:51:01,779 [INFO] WebApp:194 - Connection lost
2026-08-06 21:51:01,880 [INFO] WebApp:191 - Connection restablished
2026-08-06 21:51:03,372 [ERROR] LogOutputStream:75 - [STDERR_REDIRECT] 
2026-08-06 21:51:03,373 [ERROR] LogOutputStream:75 - [STDERR_REDIRECT] 
2026-08-06 21:51:16,001 [INFO] Activator:176 - 


2026-08-06 21:51:16,002 [INFO] Activator:177 - !SESSION log4j initialized
2026-08-06 21:51:20,274 [INFO] LogOutputStream:77 - [STDOUT_REDIRECT] 
2026-08-06 21:51:21,035 [INFO] ApplicationProperties:184 - Using Application install path: C:\ST\STM32CubeIDE_1.19.0\STM32CubeIDE\plugins\com.st.stm32cube.common.mx_6.15.0.202507011659
2026-08-06 21:51:21,073 [INFO] DbMcusXml:78 - Set database path to: C:\ST\STM32CubeIDE_1.19.0\STM32CubeIDE\plugins\com.st.stm32cube.common.mx_6.15.0.202507011659\\db\/mcu/
2026-08-06 21:51:21,074 [INFO] ApiDb:274 - Set plugin database path to: C:\ST\STM32CubeIDE_1.19.0\STM32CubeIDE\plugins\com.st.stm32cube.common.mx_6.15.0.202507011659\\db\/plugins/boardmanager/
2026-08-06 21:51:21,076 [WARN] ApiDb:259 - Overriding images path with different value:  => C:\ST\STM32CubeIDE_1.19.0\STM32CubeIDE\plugins\com.st.stm32cube.common.mx_6.15.0.202507011659\\db\/plugins/mcufinder/images/
2026-08-06 21:51:21,110 [INFO] ApiDb:250 - Set database path to: C:\Users\danny\.stmcufinder\plugins\mcufinder//mcu/
2026-08-06 21:51:21,112 [INFO] DbMcusAds:125 - Set database path to: C:\Users\danny\.stmcufinder\plugins\mcufinder//mcu/
2026-08-06 21:51:21,117 [INFO] CrossReferenceDbSqlite:203 - Set database path to: C:\Users\danny\.stmcufinder\plugins\mcufinder//mcu/cs/
2026-08-06 21:51:21,323 [INFO] RulesReader:64 - Compatibility file has been processed (317 Rules)
2026-08-06 21:51:21,486 [INFO] DbMcusXml:78 - Set database path to: C:\ST\STM32CubeIDE_1.19.0\STM32CubeIDE\plugins\com.st.stm32cube.common.mx_6.15.0.202507011659\\db\/mcu/
2026-08-06 21:51:21,487 [INFO] ApiDb:274 - Set plugin database path to: C:\ST\STM32CubeIDE_1.19.0\STM32CubeIDE\plugins\com.st.stm32cube.common.mx_6.15.0.202507011659\\db\/plugins/boardmanager/
2026-08-06 21:51:21,487 [INFO] ApiDb:261 - Set plugin images path to: C:\ST\STM32CubeIDE_1.19.0\STM32CubeIDE\plugins\com.st.stm32cube.common.mx_6.15.0.202507011659\\db\/plugins/mcufinder/images/
2026-08-06 21:51:21,487 [WARN] DbFile:41 - Overriding database path with different value: C:\Users\danny\.stmcufinder\plugins\mcufinder/ => C:\Users\danny\.stmcufinder\plugins\mcufinder
2026-08-06 21:51:21,487 [INFO] ApiDb:250 - Set database path to: C:\Users\danny\.stmcufinder\plugins\mcufinder//mcu/
2026-08-06 21:51:21,487 [WARN] DbFile:41 - Overriding database path with different value: C:\Users\danny\.stmcufinder\plugins\mcufinder/ => C:\Users\danny\.stmcufinder\plugins\mcufinder
2026-08-06 21:51:21,487 [INFO] DbMcusAds:125 - Set database path to: C:\Users\danny\.stmcufinder\plugins\mcufinder//mcu/
2026-08-06 21:51:21,488 [WARN] DbFile:41 - Overriding database path with different value: C:\Users\danny\.stmcufinder\plugins\mcufinder/ => C:\Users\danny\.stmcufinder\plugins\mcufinder
2026-08-06 21:51:21,488 [WARN] DbFile:41 - Overriding database path with different value: C:\Users\danny\.stmcufinder\plugins\mcufinder/ => C:\Users\danny\.stmcufinder\plugins\mcufinder
2026-08-06 21:51:21,488 [INFO] CrossReferenceDbSqlite:203 - Set database path to: C:\Users\danny\.stmcufinder\plugins\mcufinder//mcu/cs/
2026-08-06 21:51:21,592 [INFO] MainPanel:274 - HeapMemory: 268435456
2026-08-06 21:51:21,729 [INFO] DbMcusXml:78 - Set database path to: C:\ST\STM32CubeIDE_1.19.0\STM32CubeIDE\plugins\com.st.stm32cube.common.mx_6.15.0.202507011659\\db\/mcu/
2026-08-06 21:51:21,729 [INFO] ApiDb:274 - Set plugin database path to: C:\ST\STM32CubeIDE_1.19.0\STM32CubeIDE\plugins\com.st.stm32cube.common.mx_6.15.0.202507011659\\db\/plugins/boardmanager/
2026-08-06 21:51:21,729 [INFO] ApiDb:261 - Set plugin images path to: C:\ST\STM32CubeIDE_1.19.0\STM32CubeIDE\plugins\com.st.stm32cube.common.mx_6.15.0.202507011659\\db\/plugins/mcufinder/images/
2026-08-06 21:51:21,729 [WARN] DbFile:41 - Overriding database path with different value: C:\Users\danny\.stmcufinder\plugins\mcufinder/ => C:\Users\danny\.stmcufinder\plugins\mcufinder
2026-08-06 21:51:21,729 [INFO] ApiDb:250 - Set database path to: C:\Users\danny\.stmcufinder\plugins\mcufinder//mcu/
2026-08-06 21:51:21,729 [WARN] DbFile:41 - Overriding database path with different value: C:\Users\danny\.stmcufinder\plugins\mcufinder/ => C:\Users\danny\.stmcufinder\plugins\mcufinder
2026-08-06 21:51:21,729 [INFO] DbMcusAds:125 - Set database path to: C:\Users\danny\.stmcufinder\plugins\mcufinder//mcu/
2026-08-06 21:51:21,729 [WARN] DbFile:41 - Overriding database path with different value: C:\Users\danny\.stmcufinder\plugins\mcufinder/ => C:\Users\danny\.stmcufinder\plugins\mcufinder
2026-08-06 21:51:21,729 [WARN] DbFile:41 - Overriding database path with different value: C:\Users\danny\.stmcufinder\plugins\mcufinder/ => C:\Users\danny\.stmcufinder\plugins\mcufinder
2026-08-06 21:51:21,729 [INFO] CrossReferenceDbSqlite:203 - Set database path to: C:\Users\danny\.stmcufinder\plugins\mcufinder//mcu/cs/
2026-08-06 21:51:21,753 [INFO] ApplicationProperties:184 - Using Application install path: C:\ST\STM32CubeIDE_1.19.0\STM32CubeIDE\plugins\com.st.stm32cube.common.mx_6.15.0.202507011659
2026-08-06 21:51:21,753 [INFO] PluginManage:196 - Search for loadable plugins [exclusion list=, ]
2026-08-06 21:51:21,753 [INFO] PluginManage:310 - Check plugin analytics
2026-08-06 21:51:21,960 [INFO] AnalyticsPlugin:253 - Accepted Software Licenses: 
2026-08-06 21:51:21,960 [INFO] AnalyticsPlugin:255 - Accepted CMSIS Pack Licenses: 
2026-08-06 21:51:21,961 [INFO] AnalyticsPlugin:257 - Accepted Firmware Licenses: 
2026-08-06 21:51:21,967 [INFO] PluginManage:359 - Loaded plugin analytics (category:tool,tabindex:-1)
2026-08-06 21:51:21,968 [INFO] PluginManage:310 - Check plugin cadmodel
2026-08-06 21:51:21,976 [INFO] CADModel:105 - Init CAD model plugin
2026-08-06 21:51:21,977 [INFO] PluginManage:359 - Loaded plugin cadmodel (category:power,tabindex:5)
2026-08-06 21:51:21,977 [INFO] PluginManage:310 - Check plugin clock
2026-08-06 21:51:21,989 [INFO] PluginManage:359 - Loaded plugin clock (category:base,tabindex:2)
2026-08-06 21:51:21,989 [INFO] PluginManage:310 - Check plugin ddr
2026-08-06 21:51:21,992 [INFO] PluginManage:359 - Loaded plugin ddr (category:tool,tabindex:6)
2026-08-06 21:51:21,994 [INFO] PluginManage:310 - Check plugin filemanager
2026-08-06 21:51:22,185 [INFO] PluginManage:359 - Loaded plugin filemanager (category:base,tabindex:10)
2026-08-06 21:51:22,185 [INFO] PluginManage:310 - Check plugin ipmanager
2026-08-06 21:51:22,195 [INFO] PluginManage:359 - Loaded plugin ipmanager (category:base,tabindex:5)
2026-08-06 21:51:22,197 [INFO] PluginManage:310 - Check plugin lpbam
2026-08-06 21:51:22,207 [INFO] PluginManage:359 - Loaded plugin lpbam (category:base,tabindex:0)
2026-08-06 21:51:22,207 [INFO] PluginManage:310 - Check plugin memorymap
2026-08-06 21:51:22,228 [INFO] PluginManage:359 - Loaded plugin memorymap (category:base,tabindex:4)
2026-08-06 21:51:22,228 [INFO] PluginManage:310 - Check plugin pinoutandconfiguration
2026-08-06 21:51:22,237 [INFO] PluginManage:359 - Loaded plugin pinoutandconfiguration (category:base,tabindex:1)
2026-08-06 21:51:22,237 [INFO] PluginManage:310 - Check plugin pinoutconfig
2026-08-06 21:51:22,342 [WARN] SupportedApi:132 - Cannot load RTOS API schema: s4s-elt-must-match.1: The content of 'definitions' must match (annotation?, (simpleType | complexType)?, (unique | key | keyref)*)). A problem was found starting at: attribute.
2026-08-06 21:51:22,512 [INFO] PluginManage:359 - Loaded plugin pinoutconfig (category:base,tabindex:0)
2026-08-06 21:51:22,512 [INFO] PluginManage:310 - Check plugin power
2026-08-06 21:51:22,523 [INFO] PluginManage:359 - Loaded plugin power (category:power,tabindex:4)
2026-08-06 21:51:22,523 [INFO] PluginManage:310 - Check plugin projectmanager
2026-08-06 21:51:22,543 [INFO] PluginManage:359 - Loaded plugin projectmanager (category:projectmanager,tabindex:4)
2026-08-06 21:51:22,543 [INFO] PluginManage:310 - Check plugin rif
2026-08-06 21:51:22,559 [INFO] PluginManage:359 - Loaded plugin rif (category:base,tabindex:3)
2026-08-06 21:51:22,559 [INFO] PluginManage:310 - Check plugin thirdparty
2026-08-06 21:51:22,752 [WARN] IntegrityCheckThread:84 - waiting for thirdparty lock release [integrity check]
2026-08-06 21:51:22,752 [INFO] IntegrityCheckThread:86 - entering critical section [integrity check]
2026-08-06 21:51:22,752 [INFO] PluginManage:359 - Loaded plugin thirdparty (category:base,tabindex:-1)
2026-08-06 21:51:22,752 [INFO] PluginManage:310 - Check plugin tools
2026-08-06 21:51:22,752 [INFO] ThirdPartyUpdaterWithRetryManager:70 - Updater plugin not ready yet. [1/15]
2026-08-06 21:51:22,759 [INFO] PluginManage:359 - Loaded plugin tools (category:base,tabindex:7)
2026-08-06 21:51:22,759 [INFO] PluginManage:310 - Check plugin tutovideos
2026-08-06 21:51:23,010 [INFO] PluginManage:359 - Loaded plugin tutovideos (category:base,tabindex:-1)
2026-08-06 21:51:23,010 [INFO] PluginManage:310 - Check plugin updater
2026-08-06 21:51:23,026 [INFO] PluginManage:359 - Loaded plugin updater (category:base,tabindex:12)
2026-08-06 21:51:23,030 [INFO] PluginManage:310 - Check plugin userauth
2026-08-06 21:51:23,031 [INFO] UserAuth:118 - Init User Auth plugin
2026-08-06 21:51:23,031 [INFO] PluginManage:359 - Loaded plugin userauth (category:base,tabindex:14)
2026-08-06 21:51:23,031 [INFO] PluginManage:283 - PluginManage : Loaded plugins [18]
2026-08-06 21:51:23,298 [INFO] PinOutPanel:1589 - setPackage(No Configuration,No Configuration)
2026-08-06 21:51:23,414 [INFO] CADModel:165 - CPN selected for project level
2026-08-06 21:51:23,414 [INFO] CADModel:114 - Register for checkConnection events
2026-08-06 21:51:23,440 [INFO] IPUIPlugin:80 - create IPUIPlugin
2026-08-06 21:51:23,440 [INFO] PluginManager:220 - loadIPPluginJar : add adc
2026-08-06 21:51:23,445 [INFO] IPUIPlugin:80 - create IPUIPlugin
2026-08-06 21:51:23,445 [INFO] PluginManager:220 - loadIPPluginJar : add aes
2026-08-06 21:51:23,447 [INFO] IPUIPlugin:80 - create IPUIPlugin
2026-08-06 21:51:23,447 [INFO] PluginManager:220 - loadIPPluginJar : add can
2026-08-06 21:51:23,450 [INFO] IPUIPlugin:80 - create IPUIPlugin
2026-08-06 21:51:23,451 [INFO] PluginManager:220 - loadIPPluginJar : add comp
2026-08-06 21:51:23,454 [INFO] IPUIPlugin:80 - create IPUIPlugin
2026-08-06 21:51:23,454 [INFO] PluginManager:220 - loadIPPluginJar : add cryp
2026-08-06 21:51:23,459 [INFO] IPUIPlugin:80 - create IPUIPlugin
2026-08-06 21:51:23,459 [INFO] PluginManager:220 - loadIPPluginJar : add ddr_ctrl_phy
2026-08-06 21:51:23,462 [INFO] IPUIPlugin:80 - create IPUIPlugin
2026-08-06 21:51:23,462 [INFO] PluginManager:220 - loadIPPluginJar : add dfsdm
2026-08-06 21:51:23,468 [INFO] IPUIPlugin:80 - create IPUIPlugin
2026-08-06 21:51:23,468 [INFO] PluginManager:220 - loadIPPluginJar : add dma
2026-08-06 21:51:23,475 [INFO] IPUIPlugin:80 - create IPUIPlugin
2026-08-06 21:51:23,475 [INFO] PluginManager:220 - loadIPPluginJar : add dma3
2026-08-06 21:51:23,475 [INFO] IPUIPlugin:80 - create IPUIPlugin
2026-08-06 21:51:23,475 [INFO] PluginManager:220 - loadIPPluginJar : add extmemmanager
2026-08-06 21:51:23,481 [INFO] IPUIPlugin:80 - create IPUIPlugin
2026-08-06 21:51:23,481 [INFO] PluginManager:220 - loadIPPluginJar : add fatfs
2026-08-06 21:51:23,488 [INFO] IPUIPlugin:80 - create IPUIPlugin
2026-08-06 21:51:23,488 [INFO] PluginManager:220 - loadIPPluginJar : add fmc
2026-08-06 21:51:23,494 [INFO] IPUIPlugin:80 - create IPUIPlugin
2026-08-06 21:51:23,494 [INFO] PluginManager:220 - loadIPPluginJar : add freertos
2026-08-06 21:51:23,495 [INFO] IPUIPlugin:80 - create IPUIPlugin
2026-08-06 21:51:23,495 [INFO] PluginManager:220 - loadIPPluginJar : add genericplugin
2026-08-06 21:51:23,495 [INFO] IPUIPlugin:80 - create IPUIPlugin
2026-08-06 21:51:23,495 [INFO] PluginManager:220 - loadIPPluginJar : add gfxmmu
2026-08-06 21:51:23,495 [INFO] IPUIPlugin:80 - create IPUIPlugin
2026-08-06 21:51:23,495 [INFO] PluginManager:220 - loadIPPluginJar : add gic
2026-08-06 21:51:23,509 [INFO] IPUIPlugin:80 - create IPUIPlugin
2026-08-06 21:51:23,509 [INFO] PluginManager:220 - loadIPPluginJar : add gpio
2026-08-06 21:51:23,510 [INFO] IPUIPlugin:80 - create IPUIPlugin
2026-08-06 21:51:23,510 [INFO] PluginManager:220 - loadIPPluginJar : add gtzc
2026-08-06 21:51:23,510 [INFO] IPUIPlugin:80 - create IPUIPlugin
2026-08-06 21:51:23,516 [INFO] PluginManager:220 - loadIPPluginJar : add hash
2026-08-06 21:51:23,516 [INFO] IPUIPlugin:80 - create IPUIPlugin
2026-08-06 21:51:23,516 [INFO] PluginManager:220 - loadIPPluginJar : add i2c
2026-08-06 21:51:23,516 [INFO] IPUIPlugin:80 - create IPUIPlugin
2026-08-06 21:51:23,516 [INFO] PluginManager:220 - loadIPPluginJar : add i2s
2026-08-06 21:51:23,523 [INFO] IPUIPlugin:80 - create IPUIPlugin
2026-08-06 21:51:23,523 [INFO] PluginManager:220 - loadIPPluginJar : add i3c
2026-08-06 21:51:23,530 [INFO] IPUIPlugin:80 - create IPUIPlugin
2026-08-06 21:51:23,530 [INFO] PluginManager:220 - loadIPPluginJar : add ipddr
2026-08-06 21:51:23,538 [INFO] IPUIPlugin:80 - create IPUIPlugin
2026-08-06 21:51:23,538 [INFO] PluginManager:220 - loadIPPluginJar : add linkedlist
2026-08-06 21:51:23,541 [INFO] IPUIPlugin:80 - create IPUIPlugin
2026-08-06 21:51:23,542 [INFO] PluginManager:220 - loadIPPluginJar : add lorawan
2026-08-06 21:51:23,543 [INFO] IPUIPlugin:80 - create IPUIPlugin
2026-08-06 21:51:23,544 [INFO] PluginManager:220 - loadIPPluginJar : add ltdc
2026-08-06 21:51:23,544 [INFO] IPUIPlugin:80 - create IPUIPlugin
2026-08-06 21:51:23,544 [INFO] PluginManager:220 - loadIPPluginJar : add mdma
2026-08-06 21:51:23,544 [INFO] IPUIPlugin:80 - create IPUIPlugin
2026-08-06 21:51:23,544 [INFO] PluginManager:220 - loadIPPluginJar : add nvic
2026-08-06 21:51:23,544 [INFO] IPUIPlugin:80 - create IPUIPlugin
2026-08-06 21:51:23,544 [INFO] PluginManager:220 - loadIPPluginJar : add opamp
2026-08-06 21:51:23,559 [INFO] IPUIPlugin:80 - create IPUIPlugin
2026-08-06 21:51:23,559 [INFO] PluginManager:220 - loadIPPluginJar : add openamp
2026-08-06 21:51:23,559 [INFO] IPUIPlugin:80 - create IPUIPlugin
2026-08-06 21:51:23,559 [INFO] PluginManager:220 - loadIPPluginJar : add pdm2pcm
2026-08-06 21:51:23,571 [INFO] IPUIPlugin:80 - create IPUIPlugin
2026-08-06 21:51:23,572 [INFO] PluginManager:220 - loadIPPluginJar : add plateformsettings
2026-08-06 21:51:23,572 [INFO] IPUIPlugin:80 - create IPUIPlugin
2026-08-06 21:51:23,572 [INFO] PluginManager:220 - loadIPPluginJar : add quadspi
2026-08-06 21:51:23,579 [INFO] IPUIPlugin:80 - create IPUIPlugin
2026-08-06 21:51:23,579 [INFO] PluginManager:220 - loadIPPluginJar : add radio
2026-08-06 21:51:23,579 [INFO] IPUIPlugin:80 - create IPUIPlugin
2026-08-06 21:51:23,579 [INFO] PluginManager:220 - loadIPPluginJar : add resmgrutility
2026-08-06 21:51:23,579 [INFO] IPUIPlugin:80 - create IPUIPlugin
2026-08-06 21:51:23,579 [INFO] PluginManager:220 - loadIPPluginJar : add sai
2026-08-06 21:51:23,579 [INFO] IPUIPlugin:80 - create IPUIPlugin
2026-08-06 21:51:23,579 [INFO] PluginManager:220 - loadIPPluginJar : add spi
2026-08-06 21:51:23,597 [INFO] IPUIPlugin:80 - create IPUIPlugin
2026-08-06 21:51:23,597 [INFO] PluginManager:220 - loadIPPluginJar : add stm32_wpan
2026-08-06 21:51:23,598 [INFO] IPUIPlugin:80 - create IPUIPlugin
2026-08-06 21:51:23,599 [INFO] PluginManager:220 - loadIPPluginJar : add tim
2026-08-06 21:51:23,603 [INFO] IPUIPlugin:80 - create IPUIPlugin
2026-08-06 21:51:23,603 [INFO] PluginManager:220 - loadIPPluginJar : add touchsensing
2026-08-06 21:51:23,605 [INFO] IPUIPlugin:80 - create IPUIPlugin
2026-08-06 21:51:23,605 [INFO] PluginManager:220 - loadIPPluginJar : add tracer_emb
2026-08-06 21:51:23,607 [INFO] IPUIPlugin:80 - create IPUIPlugin
2026-08-06 21:51:23,607 [INFO] PluginManager:220 - loadIPPluginJar : add ts
2026-08-06 21:51:23,607 [INFO] IPUIPlugin:80 - create IPUIPlugin
2026-08-06 21:51:23,607 [INFO] PluginManager:220 - loadIPPluginJar : add tsc
2026-08-06 21:51:23,607 [INFO] IPUIPlugin:80 - create IPUIPlugin
2026-08-06 21:51:23,607 [INFO] PluginManager:220 - loadIPPluginJar : add ucpd
2026-08-06 21:51:23,607 [INFO] IPUIPlugin:80 - create IPUIPlugin
2026-08-06 21:51:23,607 [INFO] PluginManager:220 - loadIPPluginJar : add usart
2026-08-06 21:51:23,607 [INFO] IPUIPlugin:80 - create IPUIPlugin
2026-08-06 21:51:23,607 [INFO] PluginManager:220 - loadIPPluginJar : add usbx
2026-08-06 21:51:23,760 [FATAL] Updater:351 - Updater called before beeing initialized
2026-08-06 21:51:23,790 [INFO] RulesReader:64 - Compatibility file has been processed (317 Rules)
2026-08-06 21:51:23,805 [INFO] RulesReader:64 - Compatibility file has been processed (317 Rules)
2026-08-06 21:51:23,818 [INFO] CADModel:165 - CPN selected for project level
2026-08-06 21:51:23,818 [INFO] CADModel:114 - Register for checkConnection events
2026-08-06 21:51:23,818 [FATAL] Updater:351 - Updater called before beeing initialized
2026-08-06 21:51:23,818 [ERROR] CADModel:125 - Updater not yet initialized, retry later 
2026-08-06 21:51:24,021 [FATAL] Updater:351 - Updater called before beeing initialized
2026-08-06 21:51:24,024 [INFO] CADModel:165 - CPN selected for project level
2026-08-06 21:51:24,024 [INFO] CADModel:114 - Register for checkConnection events
2026-08-06 21:51:24,024 [FATAL] Updater:351 - Updater called before beeing initialized
2026-08-06 21:51:24,024 [ERROR] CADModel:125 - Updater not yet initialized, retry later 
2026-08-06 21:51:24,029 [FATAL] Updater:351 - Updater called before beeing initialized
2026-08-06 21:51:24,192 [FATAL] Updater:351 - Updater called before beeing initialized
2026-08-06 21:51:24,197 [INFO] DbMcusAds:53 - JSON generation date=Wed Jul 15 02:46:00 PDT 2026 (1784108760991)
2026-08-06 21:51:24,198 [FATAL] Updater:351 - Updater called before beeing initialized
2026-08-06 21:51:24,244 [WARN] DetailPanel:346 - Failed to get advertising image, set to default
2026-08-06 21:51:24,358 [FATAL] Updater:351 - Updater called before beeing initialized
2026-08-06 21:51:24,358 [FATAL] Updater:351 - Updater called before beeing initialized
2026-08-06 21:51:24,358 [FATAL] Updater:351 - Updater called before beeing initialized
2026-08-06 21:51:24,358 [WARN] DetailPanel:346 - Failed to get advertising image, set to default
2026-08-06 21:51:24,358 [FATAL] Updater:351 - Updater called before beeing initialized
2026-08-06 21:51:24,421 [ERROR] Updater:1198 - MainUpdater not yet initialized. External WinMGr cannot be set.
2026-08-06 21:51:24,422 [INFO] Updater:1134 - Updater Version found : 6.15.0
2026-08-06 21:51:24,442 [INFO] ApplicationProperties:184 - Using Application install path: C:\ST\STM32CubeIDE_1.19.0\STM32CubeIDE\plugins\com.st.stm32cube.common.mx_6.15.0.202507011659
2026-08-06 21:51:25,758 [INFO] ThirdPartyUpdaterWithRetryManager:70 - Updater plugin not ready yet. [2/15]
2026-08-06 21:51:26,037 [ERROR] LogOutputStream:75 - [STDERR_REDIRECT] Aug 06, 2026 9:51:26 PM java.util.prefs.WindowsPreferences <init>
2026-08-06 21:51:26,045 [ERROR] LogOutputStream:75 - [STDERR_REDIRECT] WARNING: Could not open/create prefs root node Software\JavaSoft\Prefs at root 0xffffffff80000002. Windows RegCreateKeyEx(...) returned error code 5.
2026-08-06 21:51:26,045 [ERROR] LogOutputStream:75 - [STDERR_REDIRECT] 
2026-08-06 21:51:26,345 [INFO] MainUpdater:2872 - connection check result : 10
2026-08-06 21:51:26,345 [INFO] MainUpdater:289 - Updater Check For Update Now.
2026-08-06 21:51:26,345 [INFO] MicroXplorer:498 - Change Database Version : DB.6.0.150
2026-08-06 21:51:26,358 [INFO] McuFinderGlobals:63 - Set McuFinder mode to 2 (CubeIDE integrated)
2026-08-06 21:51:26,359 [INFO] UserAuth:487 - Internet connection configuration mode: 1
2026-08-06 21:51:26,395 [INFO] JxBrowserEngine:152 - Initiate JxBrowser Engine with user profile folder
2026-08-06 21:51:26,518 [INFO] CheckServerUpdateThread:120 - End of CheckServer Thread
2026-08-06 21:51:27,147 [INFO] WebApp:169 - Instantiating new browser for Auth
2026-08-06 21:51:27,869 [INFO] WebApp:463 - Apply proxy settings
2026-08-06 21:51:27,869 [INFO] WebApp:548 - Chromium requires no authentication
2026-08-06 21:51:27,880 [INFO] WebApp:491 - Direct internet connection detected
2026-08-06 21:51:27,905 [INFO] WebApp:900 - Register for checkConnection events
2026-08-06 21:51:27,905 [INFO] WebApp:463 - Apply proxy settings
2026-08-06 21:51:27,905 [INFO] WebApp:548 - Chromium requires no authentication
2026-08-06 21:51:27,905 [INFO] WebApp:491 - Direct internet connection detected
2026-08-06 21:51:28,066 [INFO] WebApp:191 - Connection restablished
2026-08-06 21:51:28,144 [INFO] WebApp:225 - Starting web application
2026-08-06 21:51:28,144 [INFO] WebApp:593 - Web application path used C:\ST\STM32CubeIDE_1.19.0\STM32CubeIDE\plugins\com.st.stm32cube.common.mx_6.15.0.202507011659\db\plugins\mcufinder\reactClient1\index.html
2026-08-06 21:51:28,298 [INFO] UserAuth:487 - Internet connection configuration mode: 1
2026-08-06 21:51:29,170 [WARN] PackLoader:240 - Cannot read IP mode file for STMicroelectronics.X-CUBE-AZRTOS-H7.3.5.0
2026-08-06 21:51:29,185 [WARN] PackLoader:240 - Cannot read IP mode file for STMicroelectronics.FP-SNS-MOTENVWB1.1.4.0
2026-08-06 21:51:29,192 [WARN] PackLoader:240 - Cannot read IP mode file for STMicroelectronics.FP-ATR-ASTRA1.2.0.3
2026-08-06 21:51:29,196 [WARN] PackLoader:240 - Cannot read IP mode file for STMicroelectronics.FP-ATR-ASTRA1.2.0.2
2026-08-06 21:51:29,204 [ERROR] Engine:466 - C:\Users\danny\.stm32cubemx\thirdparties\pdsc\STMicroelectronics.X-CUBE-SMBUS.2.1.1.pdsc: PDSC version is not supported
2026-08-06 21:51:29,208 [WARN] PackLoader:240 - Cannot read IP mode file for STMicroelectronics.X-CUBE-SMBUS.2.1.0
2026-08-06 21:51:29,216 [WARN] PackLoader:240 - Cannot read IP mode file for STMicroelectronics.X-CUBE-WB05N.1.1.0
2026-08-06 21:51:29,223 [WARN] PackLoader:240 - Cannot read IP mode file for STMicroelectronics.X-CUBE-ST60.1.0.0
2026-08-06 21:51:29,246 [WARN] PackLoader:240 - Cannot read IP mode file for STMicroelectronics.X-CUBE-AZRTOS-F7.1.1.0
2026-08-06 21:51:29,257 [WARN] PackLoader:240 - Cannot read IP mode file for STMicroelectronics.X-CUBE-FREERTOS.1.6.0
2026-08-06 21:51:29,259 [WARN] PackLoader:240 - Cannot read IP mode file for STMicroelectronics.FP-SNS-MOTENV1.5.1.0
2026-08-06 21:51:29,282 [WARN] PackLoader:240 - Cannot read IP mode file for STMicroelectronics.X-CUBE-AZRTOS-H7RS.1.3.0
2026-08-06 21:51:29,303 [WARN] PackLoader:240 - Cannot read IP mode file for Infineon.AIROC-Wi-Fi-Bluetooth-STM32.1.7.0
2026-08-06 21:51:29,321 [WARN] PackLoader:240 - Cannot read IP mode file for STMicroelectronics.X-CUBE-AZRTOS-H7.3.4.0
2026-08-06 21:51:29,331 [WARN] PackLoader:240 - Cannot read IP mode file for STMicroelectronics.X-CUBE-DISPLAY.3.0.0
2026-08-06 21:51:29,340 [WARN] PackLoader:240 - Cannot read IP mode file for STMicroelectronics.X-CUBE-GNSS1.7.1.1
2026-08-06 21:51:29,352 [WARN] PackLoader:240 - Cannot read IP mode file for STMicroelectronics.FP-SNS-MOTENVWB1.1.5.0
2026-08-06 21:51:29,358 [WARN] PackLoader:240 - Cannot read IP mode file for STMicroelectronics.X-CUBE-NFC10.1.0.0
2026-08-06 21:51:29,367 [WARN] PackLoader:240 - Cannot read IP mode file for STMicroelectronics.X-CUBE-BLEMGR.4.0.0
2026-08-06 21:51:29,374 [WARN] PackLoader:240 - Cannot read IP mode file for STMicroelectronics.X-CUBE-ST60.1.1.0
2026-08-06 21:51:29,405 [WARN] PackLoader:240 - Cannot read IP mode file for emotas.I-CUBE-CANOPEN.1.3.0
2026-08-06 21:51:29,405 [ERROR] Engine:466 - C:\Users\danny\.stm32cubemx\thirdparties\pdsc\STMicroelectronics.X-CUBE-WBA.1.1.0.pdsc: PDSC version is not supported
2026-08-06 21:51:29,416 [WARN] PackLoader:240 - Cannot read IP mode file for STMicroelectronics.X-CUBE-GNSS1.7.1.0
2026-08-06 21:51:29,423 [WARN] ConditionMgr:438 - getConditionDescription Invalid condition id : Cortex-A Device cause : null
2026-08-06 21:51:29,437 [WARN] ConditionMgr:1044 - genDependencies : Invalid condition id : Cortex-A Device cause : null
2026-08-06 21:51:29,438 [WARN] ConditionMgr:1044 - genDependencies : Invalid condition id : Cortex-A Device cause : null
2026-08-06 21:51:29,438 [WARN] ConditionMgr:1044 - genDependencies : Invalid condition id : Cortex-A Device cause : null
2026-08-06 21:51:29,443 [WARN] PackLoader:240 - Cannot read IP mode file for STMicroelectronics.X-CUBE-AI.10.0.0
2026-08-06 21:51:29,450 [WARN] PackLoader:240 - Cannot read IP mode file for STMicroelectronics.FP-SNS-STBOX1.2.1.0
2026-08-06 21:51:29,457 [WARN] PackLoader:240 - Cannot read IP mode file for STMicroelectronics.FP-SNS-SMARTAG2.1.2.0
2026-08-06 21:51:29,462 [WARN] PackLoader:240 - Cannot read IP mode file for STMicroelectronics.FP-SNS-FLIGHT1.5.1.0
2026-08-06 21:51:29,498 [WARN] PackLoader:240 - Cannot read IP mode file for STMicroelectronics.X-CUBE-MEMS1.11.1.0
2026-08-06 21:51:29,595 [INFO] LogOutputStream:77 - [STDOUT_REDIRECT] 1 : Invalid condition id : UX_CORESTACK_Condition cause : null
2026-08-06 21:51:29,596 [INFO] LogOutputStream:77 - [STDOUT_REDIRECT] 1 : Invalid condition id : UX_CORESTACK_Condition cause : null
2026-08-06 21:51:29,598 [INFO] LogOutputStream:77 - [STDOUT_REDIRECT] 1 : Invalid condition id : UX_CORESTACK_Condition cause : null
2026-08-06 21:51:29,600 [INFO] LogOutputStream:77 - [STDOUT_REDIRECT] 1 : Invalid condition id : UX_CORESTACK_Condition cause : null
2026-08-06 21:51:29,601 [INFO] LogOutputStream:77 - [STDOUT_REDIRECT] 1 : Invalid condition id : UX_CORESTACK_Condition cause : null
2026-08-06 21:51:29,602 [WARN] PackLoader:240 - Cannot read IP mode file for STMicroelectronics.X-CUBE-AZRTOS-WL.2.0.0
2026-08-06 21:51:29,607 [WARN] PackLoader:240 - Cannot read IP mode file for STMicroelectronics.FP-SNS-MOTENV1.5.0.0
2026-08-06 21:51:29,621 [WARN] PackLoader:240 - Cannot read IP mode file for STMicroelectronics.X-CUBE-AZRTOS-H7RS.1.2.0
2026-08-06 21:51:29,635 [WARN] PackLoader:240 - Cannot read IP mode file for WES.I-CUBE-Cesium.1.3.0
2026-08-06 21:51:29,640 [WARN] PackLoader:240 - Cannot read IP mode file for STMicroelectronics.X-CUBE-BLE2.3.3.0
2026-08-06 21:51:29,662 [WARN] PackLoader:240 - Cannot read IP mode file for STMicroelectronics.X-CUBE-NFC9.1.0.0
2026-08-06 21:51:29,668 [WARN] PackLoader:240 - Cannot read IP mode file for STMicroelectronics.X-CUBE-BLE1.7.1.0
2026-08-06 21:51:29,675 [WARN] PackLoader:240 - Cannot read IP mode file for wolfSSL.I-CUBE-wolfMQTT.1.19.2
2026-08-06 21:51:29,676 [WARN] PackLoader:240 - Cannot read IP mode file for STMicroelectronics.X-CUBE-EEPRMA1.5.2.0
2026-08-06 21:51:29,683 [WARN] PackLoader:240 - Cannot read IP mode file for STMicroelectronics.FP-SNS-STAIOTCFT.1.1.0
2026-08-06 21:51:29,717 [WARN] PackLoader:240 - Cannot read IP mode file for STMicroelectronics.X-CUBE-MEMS1.12.0.0
2026-08-06 21:51:29,801 [WARN] PackLoader:240 - Cannot read IP mode file for STMicroelectronics.X-CUBE-AZRTOS-G0.1.1.0
2026-08-06 21:51:29,808 [WARN] PackLoader:240 - Cannot read IP mode file for STMicroelectronics.X-CUBE-SAFEA1.1.2.2
2026-08-06 21:51:29,815 [WARN] PackLoader:240 - Cannot read IP mode file for STMicroelectronics.X-CUBE-NFC4.3.0.0
2026-08-06 21:51:29,822 [WARN] PackLoader:240 - Cannot read IP mode file for EmbeddedOffice.I-CUBE-FS-RTOS.1.0.1
2026-08-06 21:51:29,829 [WARN] PackLoader:240 - Cannot read IP mode file for STMicroelectronics.X-CUBE-WB05N.2.0.0
2026-08-06 21:51:29,836 [WARN] PackLoader:240 - Cannot read IP mode file for wolfSSL.I-CUBE-wolfTPM.3.8.0
2026-08-06 21:51:29,842 [WARN] PackLoader:240 - Cannot read IP mode file for STMicroelectronics.X-CUBE-TCPP.4.2.0
2026-08-06 21:51:29,850 [WARN] PackLoader:240 - Cannot read IP mode file for RealThread.X-CUBE-RT-Thread_Nano.4.1.1
2026-08-06 21:51:29,856 [WARN] PackLoader:240 - Cannot read IP mode file for STMicroelectronics.FP-ATR-SIGFOX1.3.2.0
2026-08-06 21:51:29,861 [WARN] PackLoader:240 - Cannot read IP mode file for STMicroelectronics.X-CUBE-EEPRMA1.5.1.0
2026-08-06 21:51:29,865 [WARN] PackLoader:240 - Cannot read IP mode file for STMicroelectronics.X-CUBE-FREERTOS.1.5.0
2026-08-06 21:51:29,870 [WARN] PackLoader:240 - Cannot read IP mode file for wolfSSL.I-CUBE-wolfSSL.5.7.6
2026-08-06 21:51:29,877 [WARN] PackLoader:240 - Cannot read IP mode file for ITTIA_DB.I-CUBE-ITTIADB.8.9.0
2026-08-06 21:51:29,884 [WARN] PackLoader:240 - Cannot read IP mode file for STMicroelectronics.X-CUBE-NFC6.3.2.0
2026-08-06 21:51:29,891 [WARN] PackLoader:240 - Cannot read IP mode file for STMicroelectronics.X-CUBE-ST67W61.1.0.0
2026-08-06 21:51:29,892 [WARN] PackLoader:240 - Cannot read IP mode file for STMicroelectronics.X-CUBE-AI.10.2.1
2026-08-06 21:51:29,899 [WARN] PackLoader:240 - Cannot read IP mode file for STMicroelectronics.X-CUBE-AI.10.2.0
2026-08-06 21:51:29,934 [WARN] PackLoader:240 - Cannot read IP mode file for STMicroelectronics.X-CUBE-MEMS1.12.1.0
2026-08-06 21:51:30,043 [WARN] PackLoader:240 - Cannot read IP mode file for SEGGER.I-CUBE-embOS.1.3.1
2026-08-06 21:51:30,073 [WARN] PackLoader:240 - Cannot read IP mode file for STMicroelectronics.X-CUBE-ALGOBUILD.1.4.0
2026-08-06 21:51:30,100 [WARN] PackLoader:240 - Cannot read IP mode file for STMicroelectronics.X-CUBE-MEMS1.11.3.0
2026-08-06 21:51:30,173 [WARN] PackLoader:240 - Cannot read IP mode file for STMicroelectronics.X-CUBE-NFC13.1.0.0
2026-08-06 21:51:30,177 [WARN] PackLoader:240 - Cannot read IP mode file for STMicroelectronics.X-CUBE-PM33A1.1.0.0
2026-08-06 21:51:30,192 [WARN] PackLoader:240 - Cannot read IP mode file for STMicroelectronics.X-CUBE-AZRTOS-F4.1.1.0
2026-08-06 21:51:30,197 [WARN] PackLoader:240 - Cannot read IP mode file for Avnet-IotConnect.X-CUBE-IoTC-DA16k-PMOD.1.0.0
2026-08-06 21:51:30,200 [WARN] PackLoader:240 - Cannot read IP mode file for STMicroelectronics.X-CUBE-ISPU.2.1.0
2026-08-06 21:51:30,211 [WARN] PackLoader:240 - Cannot read IP mode file for STMicroelectronics.X-CUBE-IPS.3.2.0
2026-08-06 21:51:30,219 [WARN] PackLoader:240 - Cannot read IP mode file for STMicroelectronics.eDS-WB_DPC_TT-BIDIR.2.1.1
2026-08-06 21:51:30,226 [WARN] PackLoader:240 - Cannot read IP mode file for STMicroelectronics.X-CUBE-NFC12.1.0.0
2026-08-06 21:51:30,238 [WARN] PackLoader:240 - Cannot read IP mode file for STMicroelectronics.X-CUBE-AZRTOS-L5.2.0.0
2026-08-06 21:51:30,245 [WARN] PackLoader:240 - Cannot read IP mode file for STMicroelectronics.X-CUBE-NFC6.3.1.0
2026-08-06 21:51:30,251 [WARN] PackLoader:240 - Cannot read IP mode file for STMicroelectronics.X-CUBE-ALGOBUILD.1.5.0
2026-08-06 21:51:30,257 [WARN] PackLoader:240 - Cannot read IP mode file for STMicroelectronics.eDS-WB_DPC_VIENNA.1.2.0
2026-08-06 21:51:30,282 [WARN] PackLoader:240 - Cannot read IP mode file for STMicroelectronics.X-CUBE-MEMS1.13.0.0
2026-08-06 21:51:30,330 [WARN] PackLoader:240 - Cannot read IP mode file for STMicroelectronics.eDS-WB_DPC_3PH2L-BIDIR.1.1.1
2026-08-06 21:51:30,333 [ERROR] Engine:466 - C:\Users\danny\.stm32cubemx\thirdparties\pdsc\STMicroelectronics.X-CUBE-ST67W61.1.3.0.pdsc: PDSC version is not supported
2026-08-06 21:51:30,337 [WARN] PackLoader:240 - Cannot read IP mode file for STMicroelectronics.X-CUBE-FREERTOS.1.3.1
2026-08-06 21:51:30,340 [WARN] PackLoader:240 - Cannot read IP mode file for STMicroelectronics.X-CUBE-FREERTOS.1.3.0
2026-08-06 21:51:30,346 [WARN] PackLoader:240 - Cannot read IP mode file for STMicroelectronics.X-CUBE-NFC7.1.0.1
2026-08-06 21:51:30,353 [WARN] PackLoader:240 - Cannot read IP mode file for STMicroelectronics.X-CUBE-TOUCHGFX.4.26.0
2026-08-06 21:51:30,357 [WARN] PackLoader:240 - Cannot read IP mode file for STMicroelectronics.X-CUBE-TOUCHGFX.4.26.1
2026-08-06 21:51:30,361 [WARN] PackLoader:240 - Cannot read IP mode file for STMicroelectronics.FP-SNS-STAIOTCFT.1.0.0
2026-08-06 21:51:30,367 [WARN] PackLoader:240 - Cannot read IP mode file for STMicroelectronics.X-CUBE-DPower.1.3.0
2026-08-06 21:51:30,380 [WARN] ConditionMgr:438 - getConditionDescription Invalid condition id : LAN8742 Phy interface Condition cause : null
2026-08-06 21:51:30,381 [WARN] PackLoader:240 - Cannot read IP mode file for STMicroelectronics.X-CUBE-AZRTOS-L4.2.0.0
2026-08-06 21:51:30,382 [WARN] ConditionMgr:1044 - genDependencies : Invalid condition id : LAN8742 Phy interface Condition cause : null
2026-08-06 21:51:30,382 [WARN] ConditionMgr:1044 - genDependencies : Invalid condition id : LAN8742 Phy interface Condition cause : null
2026-08-06 21:51:30,383 [WARN] ConditionMgr:1044 - genDependencies : Invalid condition id : LAN8742 Phy interface Condition cause : null
2026-08-06 21:51:30,391 [WARN] PackLoader:240 - Cannot read IP mode file for STMicroelectronics.X-CUBE-SFXS2LP1.4.0.0
2026-08-06 21:51:30,396 [WARN] PackLoader:240 - Cannot read IP mode file for STMicroelectronics.X-CUBE-WB05N.2.1.0
2026-08-06 21:51:30,402 [WARN] PackLoader:240 - Cannot read IP mode file for STMicroelectronics.X-CUBE-ST67W61.1.2.0
2026-08-06 21:51:30,416 [WARN] PackLoader:240 - Cannot read IP mode file for STMicroelectronics.X-CUBE-AZRTOS-H7.3.3.0
2026-08-06 21:51:30,435 [WARN] PackLoader:240 - Cannot read IP mode file for STMicroelectronics.X-CUBE-BLEMGR.4.1.0
2026-08-06 21:51:30,450 [WARN] ConditionMgr:438 - getConditionDescription Invalid condition id : UX DEVICE CLASS RTOS Condition cause : null
2026-08-06 21:51:30,450 [WARN] ConditionMgr:438 - getConditionDescription Invalid condition id : UX DEVICE CLASS RTOS Condition cause : null
2026-08-06 21:51:30,455 [WARN] PackLoader:240 - Cannot read IP mode file for STMicroelectronics.X-CUBE-AZRTOS-WB.2.0.0
2026-08-06 21:51:30,455 [WARN] ConditionMgr:1044 - genDependencies : Invalid condition id : UX DEVICE CLASS RTOS Condition cause : null
2026-08-06 21:51:30,455 [WARN] ConditionMgr:1044 - genDependencies : Invalid condition id : UX DEVICE CLASS RTOS Condition cause : null
2026-08-06 21:51:30,455 [WARN] ConditionMgr:1044 - genDependencies : Invalid condition id : UX DEVICE CLASS RTOS Condition cause : null
2026-08-06 21:51:30,455 [WARN] ConditionMgr:1044 - genDependencies : Invalid condition id : UX DEVICE CLASS RTOS Condition cause : null
2026-08-06 21:51:30,455 [WARN] ConditionMgr:1044 - genDependencies : Invalid condition id : UX DEVICE CLASS RTOS Condition cause : null
2026-08-06 21:51:30,468 [WARN] PackLoader:240 - Cannot read IP mode file for STMicroelectronics.X-CUBE-GNSS1.7.0.1
2026-08-06 21:51:30,477 [WARN] PackLoader:240 - Cannot read IP mode file for STMicroelectronics.X-CUBE-TOUCHGFX.4.25.0
2026-08-06 21:51:30,483 [WARN] PackLoader:240 - Cannot read IP mode file for STMicroelectronics.FP-SNS-STBOX1.2.0.0
2026-08-06 21:51:30,491 [WARN] PackLoader:240 - Cannot read IP mode file for STMicroelectronics.X-CUBE-STSE01.2.0.0
2026-08-06 21:51:30,501 [WARN] PackLoader:240 - Cannot read IP mode file for STMicroelectronics.X-CUBE-SUBG2.5.0.0
2026-08-06 21:51:30,517 [WARN] PackLoader:240 - Cannot read IP mode file for STMicroelectronics.X-CUBE-AZRTOS-H7RS.1.1.0
2026-08-06 21:51:30,523 [WARN] PackLoader:240 - Cannot read IP mode file for Cesanta.I-CUBE-Mongoose.7.13.0
2026-08-06 21:51:30,535 [WARN] PackLoader:240 - Cannot read IP mode file for STMicroelectronics.X-CUBE-AZRTOS-G4.2.0.0
2026-08-06 21:51:30,541 [WARN] PackLoader:240 - Cannot read IP mode file for wolfSSL.I-CUBE-wolfSSH.1.4.20
2026-08-06 21:51:30,547 [WARN] PackLoader:240 - Cannot read IP mode file for STMicroelectronics.X-CUBE-NFC7.2.0.0
2026-08-06 21:51:30,555 [WARN] PackLoader:240 - Cannot read IP mode file for STMicroelectronics.X-CUBE-IPS.3.1.0
2026-08-06 21:51:30,562 [ERROR] Engine:466 - C:\Users\danny\.stm32cubemx\thirdparties\pdsc\STMicroelectronics.X-CUBE-BLEMGR.4.2.0.pdsc: PDSC version is not supported
2026-08-06 21:51:30,567 [WARN] PackLoader:240 - Cannot read IP mode file for STMicroelectronics.X-CUBE-ALS.1.0.2
2026-08-06 21:51:30,573 [WARN] PackLoader:240 - Cannot read IP mode file for STMicroelectronics.X-CUBE-STSE01.1.0.0
2026-08-06 21:51:30,578 [WARN] PackLoader:240 - Cannot read IP mode file for portGmbH.I-Cube-SoM-uGOAL.1.1.0
2026-08-06 21:51:30,587 [WARN] PackLoader:240 - Cannot read IP mode file for STMicroelectronics.X-CUBE-TOF1.3.4.2
2026-08-06 21:51:30,605 [WARN] PackLoader:240 - Cannot read IP mode file for STMicroelectronics.X-CUBE-TOF1.3.4.3
2026-08-06 21:51:30,610 [INFO] ThirdParty:978 - Integrity check success = true
2026-08-06 21:51:30,610 [INFO] IntegrityCheckThread:100 - exiting critical section [integrity check]
2026-08-06 21:51:30,611 [INFO] IntegrityCheckThread:103 - End integrity checks thread
2026-08-06 21:51:56,787 [INFO] WebApp:194 - Connection lost
2026-08-06 21:51:56,893 [INFO] WebApp:191 - Connection restablished
2026-08-06 21:52:02,233 [INFO] WebApp:194 - Connection lost
2026-08-06 21:52:02,338 [INFO] WebApp:191 - Connection restablished
2026-08-06 22:45:02,941 [INFO] WebApp:194 - Connection lost
2026-08-06 22:45:07,440 [INFO] WebApp:191 - Connection restablished
2026-08-06 22:45:07,807 [INFO] WebApp:194 - Connection lost
2026-08-06 22:45:07,956 [INFO] WebApp:191 - Connection restablished
2026-08-06 22:46:48,974 [INFO] WebApp:194 - Connection lost
2026-08-06 22:46:49,085 [INFO] WebApp:191 - Connection restablished
2026-08-06 22:46:52,239 [INFO] WebApp:194 - Connection lost
2026-08-06 22:46:52,341 [INFO] WebApp:191 - Connection restablished
2026-08-06 22:47:19,541 [INFO] WebApp:194 - Connection lost
2026-08-06 22:47:19,643 [INFO] WebApp:191 - Connection restablished
2026-08-06 22:47:25,730 [INFO] WebApp:194 - Connection lost
2026-08-06 22:47:25,817 [INFO] WebApp:191 - Connection restablished
